Component: ARM Compiler 5.06 update 7 (build 960) Tool: armlink [4d3601]

==============================================================================

Section Cross References

    main.o(.text) refers to uart.o(.text) for UARTIntStatus
    main.o(.text) refers to main.o(.data) for ui32Status
    main.o(.text) refers to main.o(.bss) for xCommands
    main.o(.text) refers to sysctl.o(.text) for SysCtlClockGet
    main.o(.text) refers to sysctl.o(.emb_text) for SysCtlDelay
    main.o(.text) refers to gpio.o(.text) for GPIOPinConfigure
    main.o(.text) refers to pwm.o(.text) for PWMGenConfigure
    main.o(.text) refers to interrupt.o(i.IntMasterEnable) for IntMasterEnable
    main.o(.text) refers to interrupt.o(i.IntEnable) for IntEnable
    main.o(.text) refers to qei.o(.text) for QEIDisable
    main.o(.text) refers to dflt_clz.o(x$fpl$dfltu) for __aeabi_ui2d
    main.o(.text) refers to ddiv.o(x$fpl$ddiv) for __aeabi_ddiv
    main.o(.text) refers to dfix.o(x$fpl$dfix) for __aeabi_d2iz
    main.o(.text) refers to f2d.o(x$fpl$f2d) for __aeabi_f2d
    main.o(.text) refers to dmul.o(x$fpl$dmul) for __aeabi_dmul
    main.o(.text) refers to daddsub_clz.o(x$fpl$dadd) for __aeabi_dadd
    main.o(.text) refers to dflt_clz.o(x$fpl$dflt) for __aeabi_i2d
    main.o(.text) refers to fpu.o(.text) for FPUEnable
    pwm.o(.text) refers to interrupt.o(i.IntRegister) for IntRegister
    pwm.o(.text) refers to interrupt.o(i.IntEnable) for IntEnable
    pwm.o(.text) refers to interrupt.o(i.IntDisable) for IntDisable
    pwm.o(.text) refers to interrupt.o(i.IntUnregister) for IntUnregister
    sysctl.o(.text) refers to interrupt.o(i.IntRegister) for IntRegister
    sysctl.o(.text) refers to interrupt.o(i.IntEnable) for IntEnable
    sysctl.o(.text) refers to interrupt.o(i.IntDisable) for IntDisable
    sysctl.o(.text) refers to interrupt.o(i.IntUnregister) for IntUnregister
    sysctl.o(.text) refers to sysctl.o(.constdata) for g_sXTALtoMEMTIM
    sysctl.o(.text) refers to cpu.o(.emb_text) for CPUwfi
    sysctl.o(.text) refers to sysctl.o(.emb_text) for SysCtlDelay
    uart.o(.text) refers to interrupt.o(i.IntRegister) for IntRegister
    uart.o(.text) refers to interrupt.o(i.IntEnable) for IntEnable
    uart.o(.text) refers to interrupt.o(i.IntDisable) for IntDisable
    uart.o(.text) refers to interrupt.o(i.IntUnregister) for IntUnregister
    uart.o(.text) refers to uart.o(.constdata) for g_ppui32UARTIntMap
    gpio.o(.text) refers to interrupt.o(i.IntRegister) for IntRegister
    gpio.o(.text) refers to interrupt.o(i.IntEnable) for IntEnable
    gpio.o(.text) refers to interrupt.o(i.IntDisable) for IntDisable
    gpio.o(.text) refers to interrupt.o(i.IntUnregister) for IntUnregister
    gpio.o(.text) refers to gpio.o(.constdata) for g_ppui32GPIOIntMapBlizzard
    qei.o(.text) refers to interrupt.o(i.IntRegister) for IntRegister
    qei.o(.text) refers to interrupt.o(i.IntEnable) for IntEnable
    qei.o(.text) refers to interrupt.o(i.IntDisable) for IntDisable
    qei.o(.text) refers to interrupt.o(i.IntUnregister) for IntUnregister
    startup_tm4c123.o(STACK) refers (Special) to heapauxi.o(.text) for __use_two_region_memory
    startup_tm4c123.o(HEAP) refers (Special) to heapauxi.o(.text) for __use_two_region_memory
    startup_tm4c123.o(RESET) refers (Special) to heapauxi.o(.text) for __use_two_region_memory
    startup_tm4c123.o(RESET) refers to startup_tm4c123.o(STACK) for __initial_sp
    startup_tm4c123.o(RESET) refers to startup_tm4c123.o(.text) for Reset_Handler
    startup_tm4c123.o(RESET) refers to main.o(.text) for UART1_Handler
    startup_tm4c123.o(.text) refers (Special) to heapauxi.o(.text) for __use_two_region_memory
    startup_tm4c123.o(.text) refers to system_tm4c123.o(.text) for SystemInit
    startup_tm4c123.o(.text) refers to __main.o(!!!main) for __main
    startup_tm4c123.o(.text) refers to startup_tm4c123.o(HEAP) for Heap_Mem
    startup_tm4c123.o(.text) refers to startup_tm4c123.o(STACK) for Stack_Mem
    system_tm4c123.o(.text) refers to system_tm4c123.o(.data) for SystemCoreClock
    interrupt.o(i.IntDisable) refers to interrupt.o(.constdata) for .constdata
    interrupt.o(i.IntEnable) refers to interrupt.o(.constdata) for .constdata
    interrupt.o(i.IntIsEnabled) refers to interrupt.o(.constdata) for .constdata
    interrupt.o(i.IntMasterDisable) refers to cpu.o(.emb_text) for CPUcpsid
    interrupt.o(i.IntMasterEnable) refers to cpu.o(.emb_text) for CPUcpsie
    interrupt.o(i.IntPendClear) refers to interrupt.o(.constdata) for .constdata
    interrupt.o(i.IntPendSet) refers to interrupt.o(.constdata) for .constdata
    interrupt.o(i.IntPriorityGet) refers to interrupt.o(.constdata) for .constdata
    interrupt.o(i.IntPriorityGroupingGet) refers to interrupt.o(.constdata) for .constdata
    interrupt.o(i.IntPriorityGroupingSet) refers to interrupt.o(.constdata) for .constdata
    interrupt.o(i.IntPriorityMaskGet) refers to cpu.o(.emb_text) for CPUbasepriGet
[...]
    sys_command.o(.text) refers (Special) to use_no_semi.o(.text) for __I$use$semihosting
    sys_command.o(.text) refers (Special) to indicate_semi.o(.text) for __semihosting_library_function
    defsig_rtmem_outer.o(.text) refers to defsig_rtmem_inner.o(.text) for __rt_SIGRTMEM_inner
    defsig_rtmem_outer.o(.text) refers to defsig_exit.o(.text) for __sig_exit
    defsig_rtmem_formal.o(.text) refers to rt_raise.o(.text) for __rt_raise
    rt_raise.o(.text) refers to __raise.o(.text) for __raise
    rt_raise.o(.text) refers to sys_exit.o(.text) for _sys_exit
    defsig_exit.o(.text) refers to sys_exit.o(.text) for _sys_exit
    defsig_rtmem_inner.o(.text) refers to defsig_general.o(.text) for __default_signal_display
    __raise.o(.text) refers to defsig.o(CL$$defsig) for __default_signal_handler
    defsig_general.o(.text) refers to sys_wrch.o(.text) for _ttywrch
    sys_wrch.o(.text) refers (Special) to use_no_semi.o(.text) for __I$use$semihosting
    sys_wrch.o(.text) refers (Special) to indicate_semi.o(.text) for __semihosting_library_function
    defsig.o(CL$$defsig) refers to defsig_rtmem_inner.o(.text) for __rt_SIGRTMEM_inner
    defsig_abrt_inner.o(.text) refers to defsig_general.o(.text) for __default_signal_display
    defsig_fpe_inner.o(.text) refers to defsig_general.o(.text) for __default_signal_display
    defsig_rtred_inner.o(.text) refers to defsig_general.o(.text) for __default_signal_display
    defsig_stak_inner.o(.text) refers to defsig_general.o(.text) for __default_signal_display
    defsig_pvfn_inner.o(.text) refers to defsig_general.o(.text) for __default_signal_display
    defsig_cppl_inner.o(.text) refers to defsig_general.o(.text) for __default_signal_display
    defsig_segv_inner.o(.text) refers to defsig_general.o(.text) for __default_signal_display
    defsig_other.o(.text) refers to defsig_general.o(.text) for __default_signal_display


==============================================================================

Removing Unused input sections from the image.

    Removing system_tm4c123.o(.rev16_text), (4 bytes).
    Removing system_tm4c123.o(.revsh_text), (4 bytes).
    Removing system_tm4c123.o(.rrx_text), (6 bytes).
    Removing interrupt.o(i.IntIsEnabled), (96 bytes).
    Removing interrupt.o(i.IntMasterDisable), (14 bytes).
    Removing interrupt.o(i.IntPendClear), (68 bytes).
    Removing interrupt.o(i.IntPendSet), (84 bytes).
    Removing interrupt.o(i.IntPriorityGet), (28 bytes).
    Removing interrupt.o(i.IntPriorityGroupingGet), (36 bytes).
    Removing interrupt.o(i.IntPriorityGroupingSet), (28 bytes).
    Removing interrupt.o(i.IntPriorityMaskGet), (4 bytes).
    Removing interrupt.o(i.IntPriorityMaskSet), (4 bytes).
    Removing interrupt.o(i.IntPrioritySet), (40 bytes).
    Removing interrupt.o(i.IntTrigger), (12 bytes).

14 unused section(s) (total 428 bytes) removed from the image.

==============================================================================

Image Symbol Table

    Local Symbols

    Symbol Name                              Value     Ov Type        Size  Object(Section)

    RESET                                    0x00000000   Section      620  startup_tm4c123.o(RESET)
    ../clib/angel/boardlib.s                 0x00000000   Number         0  boardinit2.o ABSOLUTE
    ../clib/angel/boardlib.s                 0x00000000   Number         0  boardinit3.o ABSOLUTE
    ../clib/angel/boardlib.s                 0x00000000   Number         0  boardshut.o ABSOLUTE
    ../clib/angel/boardlib.s                 0x00000000   Number         0  boardinit1.o ABSOLUTE
    ../clib/angel/dczerorl.s                 0x00000000   Number         0  __dczerorl.o ABSOLUTE
    ../clib/angel/handlers.s                 0x00000000   Number         0  __scatter_zi.o ABSOLUTE
    ../clib/angel/kernel.s                   0x00000000   Number         0  __rtentry.o ABSOLUTE
    ../clib/angel/kernel.s                   0x00000000   Number         0  rtexit2.o ABSOLUTE
    ../clib/angel/kernel.s                   0x00000000   Number         0  __rtentry4.o ABSOLUTE
    ../clib/angel/kernel.s                   0x00000000   Number         0  rtexit.o ABSOLUTE
    ../clib/angel/kernel.s                   0x00000000   Number         0  __rtentry2.o ABSOLUTE
    ../clib/angel/rt.s                       0x00000000   Number         0  rt_raise.o ABSOLUTE
    ../clib/angel/scatter.s                  0x00000000   Number         0  __scatter.o ABSOLUTE
    ../clib/angel/startup.s                  0x00000000   Number         0  __main.o ABSOLUTE
    ../clib/angel/sys.s                      0x00000000   Number         0  libspace.o ABSOLUTE
    ../clib/angel/sys.s                      0x00000000   Number         0  use_no_semi.o ABSOLUTE
    ../clib/angel/sys.s                      0x00000000   Number         0  indicate_semi.o ABSOLUTE
    ../clib/angel/sys.s                      0x00000000   Number         0  sys_stackheap_outer.o ABSOLUTE
    ../clib/angel/sysapp.c                   0x00000000   Number         0  sys_command.o ABSOLUTE
    ../clib/angel/sysapp.c                   0x00000000   Number         0  sys_wrch.o ABSOLUTE
    ../clib/angel/sysapp.c                   0x00000000   Number         0  sys_exit.o ABSOLUTE
    ../clib/armsys.c                         0x00000000   Number         0  no_argv.o ABSOLUTE
    ../clib/armsys.c                         0x00000000   Number         0  _get_argv_nomalloc.o ABSOLUTE
    ../clib/armsys.c                         0x00000000   Number         0  argv_veneer.o ABSOLUTE
    ../clib/armsys.c                         0x00000000   Number         0  argv_veneer.o ABSOLUTE
    ../clib/heapalloc.c                      0x00000000   Number         0  hrguard.o ABSOLUTE
    ../clib/heapaux.c                        0x00000000   Number         0  heapauxi.o ABSOLUTE
    ../clib/libinit.s                        0x00000000   Number         0  libinit.o ABSOLUTE
    ../clib/libinit.s                        0x00000000   Number         0  libinit2.o ABSOLUTE
    ../clib/libinit.s                        0x00000000   Number         0  libshutdown.o ABSOLUTE
    ../clib/libinit.s                        0x00000000   Number         0  libshutdown2.o ABSOLUTE
    ../clib/signal.c                         0x00000000   Number         0  defsig_abrt_inner.o ABSOLUTE
    ../clib/signal.c                         0x00000000   Number         0  __raise.o ABSOLUTE
    ../clib/signal.c                         0x00000000   Number         0  defsig_pvfn_inner.o ABSOLUTE
    ../clib/signal.c                         0x00000000   Number         0  defsig_rtmem_outer.o ABSOLUTE
    ../clib/signal.c                         0x00000000   Number         0  defsig_rtmem_formal.o ABSOLUTE
    ../clib/signal.c                         0x00000000   Number         0  defsig_rtmem_inner.o ABSOLUTE
    ../clib/signal.c                         0x00000000   Number         0  defsig_general.o ABSOLUTE
    ../clib/signal.c                         0x00000000   Number         0  defsig_other.o ABSOLUTE
    ../clib/signal.c                         0x00000000   Number         0  defsig_segv_inner.o ABSOLUTE
    ../clib/signal.c                         0x00000000   Number         0  defsig_cppl_inner.o ABSOLUTE
    ../clib/signal.c                         0x00000000   Number         0  defsig_exit.o ABSOLUTE
    ../clib/signal.c                         0x00000000   Number         0  defsig_stak_inner.o ABSOLUTE
    ../clib/signal.c                         0x00000000   Number         0  defsig_rtred_inner.o ABSOLUTE
    ../clib/signal.c                         0x00000000   Number         0  defsig_fpe_inner.o ABSOLUTE
    ../clib/signal.s                         0x00000000   Number         0  defsig.o ABSOLUTE
    ../clib/stdlib.c                         0x00000000   Number         0  exit.o ABSOLUTE
    ../fplib/daddsub.s                       0x00000000   Number         0  daddsub_clz.o ABSOLUTE
    ../fplib/ddiv.s                          0x00000000   Number         0  ddiv.o ABSOLUTE
    ../fplib/dfix.s                          0x00000000   Number         0  dfix.o ABSOLUTE
    ../fplib/dflt.s                          0x00000000   Number         0  dflt_clz.o ABSOLUTE
    ../fplib/dmul.s                          0x00000000   Number         0  dmul.o ABSOLUTE
    ../fplib/dnaninf.s                       0x00000000   Number         0  dnaninf.o ABSOLUTE
    ../fplib/dretinf.s                       0x00000000   Number         0  dretinf.o ABSOLUTE
    ../fplib/f2d.s                           0x00000000   Number         0  f2d.o ABSOLUTE
    ../fplib/fnaninf.s                       0x00000000   Number         0  fnaninf.o ABSOLUTE
    ../fplib/fpinit.s                        0x00000000   Number         0  fpinit.o ABSOLUTE
    ../fplib/usenofp.s                       0x00000000   Number         0  usenofp.o ABSOLUTE
    RTE\Device\TM4C123GH6PM\startup_TM4C123.s 0x00000000   Number         0  startup_tm4c123.o ABSOLUTE
    RTE\Device\TM4C123GH6PM\system_TM4C123.c 0x00000000   Number         0  system_tm4c123.o ABSOLUTE
    RTE\\Device\\TM4C123GH6PM\\system_TM4C123.c 0x00000000   Number         0  system_tm4c123.o ABSOLUTE
    cpu.c                                    0x00000000   Number         0  cpu.o ABSOLUTE
    cpu.c                                    0x00000000   Number         0  cpu.o ABSOLUTE
    dc.s                                     0x00000000   Number         0  dc.o ABSOLUTE
    driverlib\\sysctl.c                      0x00000000   Number         0  sysctl.o ABSOLUTE
    driverlib\fpu.c                          0x00000000   Number         0  fpu.o ABSOLUTE
    driverlib\gpio.c                         0x00000000   Number         0  gpio.o ABSOLUTE
    driverlib\pwm.c                          0x00000000   Number         0  pwm.o ABSOLUTE
    driverlib\qei.c                          0x00000000   Number         0  qei.o ABSOLUTE
    driverlib\sysctl.c                       0x00000000   Number         0  sysctl.o ABSOLUTE
    driverlib\uart.c                         0x00000000   Number         0  uart.o ABSOLUTE
    interrupt.c                              0x00000000   Number         0  interrupt.o ABSOLUTE
    main.c                                   0x00000000   Number         0  main.o ABSOLUTE
    !!!main                                  0x0000026c   Section        8  __main.o(!!!main)
    !!!scatter                               0x00000274   Section       52  __scatter.o(!!!scatter)
    !!dczerorl                               0x000002a8   Section       58  __dczerorl.o(!!dczerorl)
    !!handler_zi                             0x000002e4   Section       28  __scatter_zi.o(!!handler_zi)
    .ARM.Collect$$libinit$$00000000          0x00000300   Section        2  libinit.o(.ARM.Collect$$libinit$$00000000)
    .ARM.Collect$$libinit$$00000001          0x00000302   Section        4  libinit2.o(.ARM.Collect$$libinit$$00000001)
    .ARM.Collect$$libinit$$00000004          0x00000306   Section        0  libinit2.o(.ARM.Collect$$libinit$$00000004)
    .ARM.Collect$$libinit$$0000000A          0x00000306   Section        0  libinit2.o(.ARM.Collect$$libinit$$0000000A)
    .ARM.Collect$$libinit$$0000000C          0x00000306   Section        0  libinit2.o(.ARM.Collect$$libinit$$0000000C)
    .ARM.Collect$$libinit$$0000000E          0x00000306   Section        0  libinit2.o(.ARM.Collect$$libinit$$0000000E)
    .ARM.Collect$$libinit$$00000011          0x00000306   Section        0  libinit2.o(.ARM.Collect$$libinit$$00000011)
    .ARM.Collect$$libinit$$00000013          0x00000306   Section        0  libinit2.o(.ARM.Collect$$libinit$$00000013)
    .ARM.Collect$$libinit$$00000015          0x00000306   Section        0  libinit2.o(.ARM.Collect$$libinit$$00000015)
    .ARM.Collect$$libinit$$00000017          0x00000306   Section        0  libinit2.o(.ARM.Collect$$libinit$$00000017)
    .ARM.Collect$$libinit$$00000019          0x00000306   Section        0  libinit2.o(.ARM.Collect$$libinit$$00000019)
    .ARM.Collect$$libinit$$0000001B          0x00000306   Section        0  libinit2.o(.ARM.Collect$$libinit$$0000001B)
    .ARM.Collect$$libinit$$0000001D          0x00000306   Section        0  libinit2.o(.ARM.Collect$$libinit$$0000001D)
    .ARM.Collect$$libinit$$0000001F          0x00000306   Section        0  libinit2.o(.ARM.Collect$$libinit$$0000001F)
    .ARM.Collect$$libinit$$00000021          0x00000306   Section        0  libinit2.o(.ARM.Collect$$libinit$$00000021)
    .ARM.Collect$$libinit$$00000023          0x00000306   Section        0  libinit2.o(.ARM.Collect$$libinit$$00000023)
    .ARM.Collect$$libinit$$00000025          0x00000306   Section        0  libinit2.o(.ARM.Collect$$libinit$$00000025)
    .ARM.Collect$$libinit$$0000002C          0x00000306   Section        0  libinit2.o(.ARM.Collect$$libinit$$0000002C)
    .ARM.Collect$$libinit$$0000002E          0x00000306   Section        0  libinit2.o(.ARM.Collect$$libinit$$0000002E)
    .ARM.Collect$$libinit$$00000030          0x00000306   Section        0  libinit2.o(.ARM.Collect$$libinit$$00000030)
    .ARM.Collect$$libinit$$00000032          0x00000306   Section        0  libinit2.o(.ARM.Collect$$libinit$$00000032)
    .ARM.Collect$$libinit$$00000033          0x00000306   Section        2  libinit2.o(.ARM.Collect$$libinit$$00000033)
    .ARM.Collect$$libshutdown$$00000000      0x00000308   Section        2  libshutdown.o(.ARM.Collect$$libshutdown$$00000000)
    .ARM.Collect$$libshutdown$$00000002      0x0000030a   Section        0  libshutdown2.o(.ARM.Collect$$libshutdown$$00000002)
    .ARM.Collect$$libshutdown$$00000004      0x0000030a   Section        0  libshutdown2.o(.ARM.Collect$$libshutdown$$00000004)
    .ARM.Collect$$libshutdown$$00000006      0x0000030a   Section        0  libshutdown2.o(.ARM.Collect$$libshutdown$$00000006)
    .ARM.Collect$$libshutdown$$00000009      0x0000030a   Section        0  libshutdown2.o(.ARM.Collect$$libshutdown$$00000009)
    .ARM.Collect$$libshutdown$$0000000C      0x0000030a   Section        0  libshutdown2.o(.ARM.Collect$$libshutdown$$0000000C)
    .ARM.Collect$$libshutdown$$0000000E      0x0000030a   Section        0  libshutdown2.o(.ARM.Collect$$libshutdown$$0000000E)
    .ARM.Collect$$libshutdown$$00000011      0x0000030a   Section        0  libshutdown2.o(.ARM.Collect$$libshutdown$$00000011)
    .ARM.Collect$$libshutdown$$00000012      0x0000030a   Section        2  libshutdown2.o(.ARM.Collect$$libshutdown$$00000012)
    .ARM.Collect$$rtentry$$00000000          0x0000030c   Section        0  __rtentry.o(.ARM.Collect$$rtentry$$00000000)
    .ARM.Collect$$rtentry$$00000002          0x0000030c   Section        0  __rtentry2.o(.ARM.Collect$$rtentry$$00000002)
    .ARM.Collect$$rtentry$$00000004          0x0000030c   Section        6  __rtentry4.o(.ARM.Collect$$rtentry$$00000004)
    .ARM.Collect$$rtentry$$00000009          0x00000312   Section        0  __rtentry2.o(.ARM.Collect$$rtentry$$00000009)
    .ARM.Collect$$rtentry$$0000000A          0x00000312   Section        4  __rtentry2.o(.ARM.Collect$$rtentry$$0000000A)
    .ARM.Collect$$rtentry$$0000000C          0x00000316   Section        0  __rtentry2.o(.ARM.Collect$$rtentry$$0000000C)
    .ARM.Collect$$rtentry$$0000000D          0x00000316   Section        8  __rtentry2.o(.ARM.Collect$$rtentry$$0000000D)
    .ARM.Collect$$rtexit$$00000000           0x0000031e   Section        2  rtexit.o(.ARM.Collect$$rtexit$$00000000)
    .ARM.Collect$$rtexit$$00000002           0x00000320   Section        0  rtexit2.o(.ARM.Collect$$rtexit$$00000002)
    .ARM.Collect$$rtexit$$00000003           0x00000320   Section        4  rtexit2.o(.ARM.Collect$$rtexit$$00000003)
    .ARM.Collect$$rtexit$$00000004           0x00000324   Section        6  rtexit2.o(.ARM.Collect$$rtexit$$00000004)
    .emb_text                                0x0000032c   Section        6  sysctl.o(.emb_text)
    $v0                                      0x0000032c   Number         0  sysctl.o(.emb_text)
    .emb_text                                0x00000334   Section       38  cpu.o(.emb_text)
    $v0                                      0x00000334   Number         0  cpu.o(.emb_text)
    .text                                    0x0000035c   Section        0  main.o(.text)
    .text                                    0x00001990   Section        0  pwm.o(.text)
    _PWMGenIntNumberGet                      0x00001ac3   Thumb Code   248  pwm.o(.text)
    _PWMFaultIntNumberGet                    0x00001bff   Thumb Code    62  pwm.o(.text)
    .text                                    0x00001df0   Section        0  sysctl.o(.text)
    _SysCtlMemTimingGet                      0x00001df1   Thumb Code    36  sysctl.o(.text)
    _SysCtlFrequencyGet                      0x00001e15   Thumb Code    96  sysctl.o(.text)
    .text                                    0x00002944   Section        0  uart.o(.text)
    _UARTIntNumberGet                        0x00002945   Thumb Code    56  uart.o(.text)
    .text                                    0x00002c74   Section        0  gpio.o(.text)
    _GPIOIntNumberGet                        0x00002c75   Thumb Code    56  gpio.o(.text)
    .text                                    0x0000346c   Section        0  qei.o(.text)
    _QEIIntNumberGet                         0x000034e1   Thumb Code    62  qei.o(.text)
    .text                                    0x0000358c   Section        0  fpu.o(.text)
    .text                                    0x00003630   Section      276  startup_tm4c123.o(.text)
    $v0                                      0x00003630   Number         0  startup_tm4c123.o(.text)
    .text                                    0x00003744   Section        0  system_tm4c123.o(.text)
    getOscClk                                0x00003745   Thumb Code   182  system_tm4c123.o(.text)
    .text                                    0x00003994   Section        0  heapauxi.o(.text)
    .text                                    0x0000399a   Section       74  sys_stackheap_outer.o(.text)
    .text                                    0x000039e4   Section        0  exit.o(.text)
    .text                                    0x000039f8   Section        8  libspace.o(.text)
    .text                                    0x00003a00   Section        0  sys_exit.o(.text)
    .text                                    0x00003a0c   Section        2  use_no_semi.o(.text)
    .text                                    0x00003a0e   Section        0  indicate_semi.o(.text)
    i.IntDisable                             0x00003a10   Section        0  interrupt.o(i.IntDisable)
    i.IntEnable                              0x00003a74   Section        0  interrupt.o(i.IntEnable)
    i.IntMasterEnable                        0x00003ad8   Section        0  interrupt.o(i.IntMasterEnable)
    i.IntRegister                            0x00003ae8   Section        0  interrupt.o(i.IntRegister)
    i.IntUnregister                          0x00003b1c   Section        0  interrupt.o(i.IntUnregister)
    i._IntDefaultHandler                     0x00003b30   Section        0  interrupt.o(i._IntDefaultHandler)
    _IntDefaultHandler                       0x00003b31   Thumb Code     2  interrupt.o(i._IntDefaultHandler)
    x$fpl$dadd                               0x00003b34   Section      336  daddsub_clz.o(x$fpl$dadd)
    $v0                                      0x00003b34   Number         0  daddsub_clz.o(x$fpl$dadd)
    _dadd1                                   0x00003b45   Thumb Code     0  daddsub_clz.o(x$fpl$dadd)
    x$fpl$ddiv                               0x00003c84   Section      688  ddiv.o(x$fpl$ddiv)
    $v0                                      0x00003c84   Number         0  ddiv.o(x$fpl$ddiv)
    ddiv_entry                               0x00003c8b   Thumb Code     0  ddiv.o(x$fpl$ddiv)
    x$fpl$dfix                               0x00003f34   Section       94  dfix.o(x$fpl$dfix)
    $v0                                      0x00003f34   Number         0  dfix.o(x$fpl$dfix)
    x$fpl$dflt                               0x00003f92   Section       46  dflt_clz.o(x$fpl$dflt)
    $v0                                      0x00003f92   Number         0  dflt_clz.o(x$fpl$dflt)
    x$fpl$dfltu                              0x00003fc0   Section       38  dflt_clz.o(x$fpl$dfltu)
    $v0                                      0x00003fc0   Number         0  dflt_clz.o(x$fpl$dfltu)
    x$fpl$dmul                               0x00003fe8   Section      340  dmul.o(x$fpl$dmul)
    $v0                                      0x00003fe8   Number         0  dmul.o(x$fpl$dmul)
    x$fpl$dnaninf                            0x0000413c   Section      156  dnaninf.o(x$fpl$dnaninf)
    $v0                                      0x0000413c   Number         0  dnaninf.o(x$fpl$dnaninf)
    x$fpl$dretinf                            0x000041d8   Section       12  dretinf.o(x$fpl$dretinf)
    $v0                                      0x000041d8   Number         0  dretinf.o(x$fpl$dretinf)
    x$fpl$dsub                               0x000041e4   Section      468  daddsub_clz.o(x$fpl$dsub)
    $v0                                      0x000041e4   Number         0  daddsub_clz.o(x$fpl$dsub)
    _dsub1                                   0x000041f5   Thumb Code     0  daddsub_clz.o(x$fpl$dsub)
    x$fpl$f2d                                0x000043b8   Section       86  f2d.o(x$fpl$f2d)
    $v0                                      0x000043b8   Number         0  f2d.o(x$fpl$f2d)
    x$fpl$fnaninf                            0x0000440e   Section      140  fnaninf.o(x$fpl$fnaninf)
    $v0                                      0x0000440e   Number         0  fnaninf.o(x$fpl$fnaninf)
    x$fpl$fpinit                             0x0000449a   Section       10  fpinit.o(x$fpl$fpinit)
    $v0                                      0x0000449a   Number         0  fpinit.o(x$fpl$fpinit)
    .constdata                               0x000044a4   Section      452  sysctl.o(.constdata)
    x$fpl$usenofp                            0x000044a4   Section        0  usenofp.o(x$fpl$usenofp)
    g_pui32Xtals                             0x000044a4   Data         108  sysctl.o(.constdata)
    g_pppui32XTALtoVCO                       0x00004510   Data         288  sysctl.o(.constdata)
    g_sXTALtoMEMTIM                          0x00004630   Data          48  sysctl.o(.constdata)
    g_pui32VCOFrequencies                    0x00004660   Data           8  sysctl.o(.constdata)
    .constdata                               0x00004668   Section      128  uart.o(.constdata)
    g_ppui32UARTIntMap                       0x00004668   Data          64  uart.o(.constdata)
    g_ppui32UARTIntMapSnowflake              0x000046a8   Data          64  uart.o(.constdata)
    .constdata                               0x000046e8   Section      528  gpio.o(.constdata)
    g_ppui32GPIOIntMapBlizzard               0x000046e8   Data         192  gpio.o(.constdata)
    g_ppui32GPIOIntMapSnowflake              0x000047a8   Data         192  gpio.o(.constdata)
    g_pui32GPIOBaseAddrs                     0x00004868   Data         144  gpio.o(.constdata)
    .constdata                               0x000048f8   Section      268  interrupt.o(.constdata)
    g_pui32Priority                          0x000048f8   Data          32  interrupt.o(.constdata)
    g_pui32Regs                              0x00004918   Data         156  interrupt.o(.constdata)
    g_pui32EnRegs                            0x000049b4   Data          20  interrupt.o(.constdata)
    g_pui32Dii16Regs                         0x000049c8   Data          20  interrupt.o(.constdata)
    g_pui32PendRegs                          0x000049dc   Data          20  interrupt.o(.constdata)
    g_pui32UnpendRegs                        0x000049f0   Data          20  interrupt.o(.constdata)
    .data                                    0x20000000   Section      176  main.o(.data)
    .data                                    0x200000b0   Section        4  system_tm4c123.o(.data)
    vtable                                   0x20000400   Section      620  interrupt.o(vtable)
    g_pfnRAMVectors                          0x20000400   Data         620  interrupt.o(vtable)
    .bss                                     0x2000066c   Section    25682  main.o(.bss)
    .bss                                     0x20006ac0   Section       96  libspace.o(.bss)
    HEAP                                     0x20006b20   Section        0  startup_tm4c123.o(HEAP)
    STACK                                    0x20006b20   Section      512  startup_tm4c123.o(STACK)
    Heap_Mem                                 0x20006b20   Data           0  startup_tm4c123.o(HEAP)
    Stack_Mem                                0x20006b20   Data         512  startup_tm4c123.o(STACK)
    __initial_sp                             0x20006d20   Data           0  startup_tm4c123.o(STACK)

    Global Symbols

    Symbol Name                              Value     Ov Type        Size  Object(Section)

    BuildAttributes$$THM_ISAv4$E$P$D$K$B$S$7EM$VFPi3$EXTD16$VFPS$VFMA$PE$A:L22UL41UL21$X:L11$S22US41US21$IEEE1$IW$USESV6$~STKCKD$USESV7$~SHL$OTIME$ROPI$EBA8$UX$STANDARDLIB$REQ8$PRES8$EABIv2 0x00000000   Number         0  anon$$obj.o ABSOLUTE
    __ARM_use_no_argv                        0x00000000   Number         0  main.o ABSOLUTE
    __Vectors                                0x00000000   Data           4  startup_tm4c123.o(RESET)
    __ARM_exceptions_init                     - Undefined Weak Reference
    __alloca_initialize                       - Undefined Weak Reference
    __arm_fini_                               - Undefined Weak Reference
    __arm_preinit_                            - Undefined Weak Reference
    __cpp_initialize__aeabi_                  - Undefined Weak Reference
    __cxa_finalize                            - Undefined Weak Reference
    __rt_locale                               - Undefined Weak Reference
    __sigvec_lookup                           - Undefined Weak Reference
    _atexit_init                              - Undefined Weak Reference
    _call_atexit_fns                          - Undefined Weak Reference
    _clock_init                               - Undefined Weak Reference
    _fp_trap_init                             - Undefined Weak Reference
    _fp_trap_shutdown                         - Undefined Weak Reference
    _get_lc_collate                           - Undefined Weak Reference
    _get_lc_ctype                             - Undefined Weak Reference
    _get_lc_monetary                          - Undefined Weak Reference
    _get_lc_numeric                           - Undefined Weak Reference
    _get_lc_time                              - Undefined Weak Reference
    _getenv_init                              - Undefined Weak Reference
    _handle_redirection                       - Undefined Weak Reference
    _init_alloc                               - Undefined Weak Reference
    _init_user_alloc                          - Undefined Weak Reference
    _initio                                   - Undefined Weak Reference
    _rand_init                                - Undefined Weak Reference
    _signal_finish                            - Undefined Weak Reference
    _signal_init                              - Undefined Weak Reference
    _terminate_alloc                          - Undefined Weak Reference
    _terminate_user_alloc                     - Undefined Weak Reference
    _terminateio                              - Undefined Weak Reference
    __Vectors_End                            0x0000026c   Data           0  startup_tm4c123.o(RESET)
    __Vectors_Size                           0x0000026c   Number         0  startup_tm4c123.o ABSOLUTE
    __main                                   0x0000026d   Thumb Code     8  __main.o(!!!main)
    __scatterload                            0x00000275   Thumb Code     0  __scatter.o(!!!scatter)
    __scatterload_rt2                        0x00000275   Thumb Code    44  __scatter.o(!!!scatter)
    __scatterload_rt2_thumb_only             0x00000275   Thumb Code     0  __scatter.o(!!!scatter)
    __scatterload_null                       0x00000283   Thumb Code     0  __scatter.o(!!!scatter)
    __decompress                             0x000002a9   Thumb Code    58  __dczerorl.o(!!dczerorl)
    __decompress0                            0x000002a9   Thumb Code     0  __dczerorl.o(!!dczerorl)
    __scatterload_zeroinit                   0x000002e5   Thumb Code    28  __scatter_zi.o(!!handler_zi)
    __rt_lib_init                            0x00000301   Thumb Code     0  libinit.o(.ARM.Collect$$libinit$$00000000)
    __rt_lib_init_fp_1                       0x00000303   Thumb Code     0  libinit2.o(.ARM.Collect$$libinit$$00000001)
    __rt_lib_init_alloca_1                   0x00000307   Thumb Code     0  libinit2.o(.ARM.Collect$$libinit$$0000002E)
    __rt_lib_init_argv_1                     0x00000307   Thumb Code     0  libinit2.o(.ARM.Collect$$libinit$$0000002C)
    __rt_lib_init_atexit_1                   0x00000307   Thumb Code     0  libinit2.o(.ARM.Collect$$libinit$$0000001B)
    __rt_lib_init_clock_1                    0x00000307   Thumb Code     0  libinit2.o(.ARM.Collect$$libinit$$00000021)
    __rt_lib_init_cpp_1                      0x00000307   Thumb Code     0  libinit2.o(.ARM.Collect$$libinit$$00000032)
    __rt_lib_init_exceptions_1               0x00000307   Thumb Code     0  libinit2.o(.ARM.Collect$$libinit$$00000030)
    __rt_lib_init_fp_trap_1                  0x00000307   Thumb Code     0  libinit2.o(.ARM.Collect$$libinit$$0000001F)
    __rt_lib_init_getenv_1                   0x00000307   Thumb Code     0  libinit2.o(.ARM.Collect$$libinit$$00000023)
    __rt_lib_init_heap_1                     0x00000307   Thumb Code     0  libinit2.o(.ARM.Collect$$libinit$$0000000A)
    __rt_lib_init_lc_collate_1               0x00000307   Thumb Code     0  libinit2.o(.ARM.Collect$$libinit$$00000011)
    __rt_lib_init_lc_ctype_1                 0x00000307   Thumb Code     0  libinit2.o(.ARM.Collect$$libinit$$00000013)
    __rt_lib_init_lc_monetary_1              0x00000307   Thumb Code     0  libinit2.o(.ARM.Collect$$libinit$$00000015)
    __rt_lib_init_lc_numeric_1               0x00000307   Thumb Code     0  libinit2.o(.ARM.Collect$$libinit$$00000017)
    __rt_lib_init_lc_time_1                  0x00000307   Thumb Code     0  libinit2.o(.ARM.Collect$$libinit$$00000019)
    __rt_lib_init_preinit_1                  0x00000307   Thumb Code     0  libinit2.o(.ARM.Collect$$libinit$$00000004)
    __rt_lib_init_rand_1                     0x00000307   Thumb Code     0  libinit2.o(.ARM.Collect$$libinit$$0000000E)
    __rt_lib_init_return                     0x00000307   Thumb Code     0  libinit2.o(.ARM.Collect$$libinit$$00000033)
    __rt_lib_init_signal_1                   0x00000307   Thumb Code     0  libinit2.o(.ARM.Collect$$libinit$$0000001D)
    __rt_lib_init_stdio_1                    0x00000307   Thumb Code     0  libinit2.o(.ARM.Collect$$libinit$$00000025)
    __rt_lib_init_user_alloc_1               0x00000307   Thumb Code     0  libinit2.o(.ARM.Collect$$libinit$$0000000C)
    __rt_lib_shutdown                        0x00000309   Thumb Code     0  libshutdown.o(.ARM.Collect$$libshutdown$$00000000)
    __rt_lib_shutdown_cpp_1                  0x0000030b   Thumb Code     0  libshutdown2.o(.ARM.Collect$$libshutdown$$00000004)
    __rt_lib_shutdown_fini_1                 0x0000030b   Thumb Code     0  libshutdown2.o(.ARM.Collect$$libshutdown$$00000002)
    __rt_lib_shutdown_fp_trap_1              0x0000030b   Thumb Code     0  libshutdown2.o(.ARM.Collect$$libshutdown$$00000009)
    __rt_lib_shutdown_heap_1                 0x0000030b   Thumb Code     0  libshutdown2.o(.ARM.Collect$$libshutdown$$00000011)
    __rt_lib_shutdown_return                 0x0000030b   Thumb Code     0  libshutdown2.o(.ARM.Collect$$libshutdown$$00000012)
    __rt_lib_shutdown_signal_1               0x0000030b   Thumb Code     0  libshutdown2.o(.ARM.Collect$$libshutdown$$0000000C)
    __rt_lib_shutdown_stdio_1                0x0000030b   Thumb Code     0  libshutdown2.o(.ARM.Collect$$libshutdown$$00000006)
    __rt_lib_shutdown_user_alloc_1           0x0000030b   Thumb Code     0  libshutdown2.o(.ARM.Collect$$libshutdown$$0000000E)
    __rt_entry                               0x0000030d   Thumb Code     0  __rtentry.o(.ARM.Collect$$rtentry$$00000000)
    __rt_entry_presh_1                       0x0000030d   Thumb Code     0  __rtentry2.o(.ARM.Collect$$rtentry$$00000002)
    __rt_entry_sh                            0x0000030d   Thumb Code     0  __rtentry4.o(.ARM.Collect$$rtentry$$00000004)
    __rt_entry_li                            0x00000313   Thumb Code     0  __rtentry2.o(.ARM.Collect$$rtentry$$0000000A)
    __rt_entry_postsh_1                      0x00000313   Thumb Code     0  __rtentry2.o(.ARM.Collect$$rtentry$$00000009)
    __rt_entry_main                          0x00000317   Thumb Code     0  __rtentry2.o(.ARM.Collect$$rtentry$$0000000D)
    __rt_entry_postli_1                      0x00000317   Thumb Code     0  __rtentry2.o(.ARM.Collect$$rtentry$$0000000C)
    __rt_exit                                0x0000031f   Thumb Code     0  rtexit.o(.ARM.Collect$$rtexit$$00000000)
    __rt_exit_ls                             0x00000321   Thumb Code     0  rtexit2.o(.ARM.Collect$$rtexit$$00000003)
    __rt_exit_prels_1                        0x00000321   Thumb Code     0  rtexit2.o(.ARM.Collect$$rtexit$$00000002)
    __rt_exit_exit                           0x00000325   Thumb Code     0  rtexit2.o(.ARM.Collect$$rtexit$$00000004)
    SysCtlDelay                              0x0000032d   Thumb Code     6  sysctl.o(.emb_text)
    CPUcpsid                                 0x00000335   Thumb Code     8  cpu.o(.emb_text)
    CPUprimask                               0x0000033d   Thumb Code     6  cpu.o(.emb_text)
    CPUcpsie                                 0x00000343   Thumb Code     8  cpu.o(.emb_text)
    CPUwfi                                   0x0000034b   Thumb Code     4  cpu.o(.emb_text)
    CPUbasepriSet                            0x0000034f   Thumb Code     6  cpu.o(.emb_text)
    CPUbasepriGet                            0x00000355   Thumb Code     6  cpu.o(.emb_text)
    UART1_Handler                            0x0000035d   Thumb Code  1378  main.o(.text)
    Sys_Clock_Set                            0x000008bf   Thumb Code    30  main.o(.text)
    PWM_Setup                                0x000008dd   Thumb Code    86  main.o(.text)
    UART1_Setup                              0x00000933   Thumb Code   174  main.o(.text)
    QEI_Setup                                0x000009e1   Thumb Code   146  main.o(.text)
    GPIO_Setup                               0x00000a73   Thumb Code    60  main.o(.text)
    dwell                                    0x00000aaf   Thumb Code    58  main.o(.text)
    correctPlacement                         0x00000ae9   Thumb Code     2  main.o(.text)
    step                                     0x00000aeb   Thumb Code  1082  main.o(.text)
    engrave                                  0x00000f25   Thumb Code   918  main.o(.text)
    testBenchPulse                           0x000012bb   Thumb Code   170  main.o(.text)
    testBenchDuration                        0x00001365   Thumb Code   192  main.o(.text)
    testBenchIntensity                       0x00001425   Thumb Code   576  main.o(.text)
    testBenchMotor                           0x00001665   Thumb Code   302  main.o(.text)
    main                                     0x00001793   Thumb Code   362  main.o(.text)
    PWMGenConfigure                          0x00001991   Thumb Code    42  pwm.o(.text)
    PWMGenPeriodSet                          0x000019bb   Thumb Code    22  pwm.o(.text)
    PWMGenPeriodGet                          0x000019d1   Thumb Code    24  pwm.o(.text)
    PWMGenEnable                             0x000019e9   Thumb Code    10  pwm.o(.text)
    PWMGenDisable                            0x000019f3   Thumb Code    10  pwm.o(.text)
    PWMPulseWidthSet                         0x000019fd   Thumb Code    38  pwm.o(.text)
    PWMPulseWidthGet                         0x00001a23   Thumb Code    40  pwm.o(.text)
    PWMDeadBandEnable                        0x00001a4b   Thumb Code    18  pwm.o(.text)
    PWMDeadBandDisable                       0x00001a5d   Thumb Code    14  pwm.o(.text)
    PWMSyncUpdate                            0x00001a6b   Thumb Code     4  pwm.o(.text)
    PWMSyncTimeBase                          0x00001a6f   Thumb Code     4  pwm.o(.text)
    PWMOutputState                           0x00001a73   Thumb Code    20  pwm.o(.text)
    PWMOutputInvert                          0x00001a87   Thumb Code    20  pwm.o(.text)
    PWMOutputFaultLevel                      0x00001a9b   Thumb Code    20  pwm.o(.text)
    PWMOutputFault                           0x00001aaf   Thumb Code    20  pwm.o(.text)
    PWMGenIntRegister                        0x00001bbb   Thumb Code    38  pwm.o(.text)
    PWMGenIntUnregister                      0x00001be1   Thumb Code    30  pwm.o(.text)
    PWMFaultIntRegister                      0x00001c3d   Thumb Code    30  pwm.o(.text)
    PWMFaultIntUnregister                    0x00001c5b   Thumb Code    26  pwm.o(.text)
    PWMGenIntTrigEnable                      0x00001c75   Thumb Code    14  pwm.o(.text)
    PWMGenIntTrigDisable                     0x00001c83   Thumb Code    14  pwm.o(.text)
    PWMGenIntStatus                          0x00001c91   Thumb Code    16  pwm.o(.text)
    PWMGenIntClear                           0x00001ca1   Thumb Code     6  pwm.o(.text)
    PWMIntEnable                             0x00001ca7   Thumb Code     8  pwm.o(.text)
    PWMIntDisable                            0x00001caf   Thumb Code     8  pwm.o(.text)
    PWMFaultIntClear                         0x00001cb7   Thumb Code     8  pwm.o(.text)
    PWMIntStatus                             0x00001cbf   Thumb Code    14  pwm.o(.text)
    PWMFaultIntClearExt                      0x00001ccd   Thumb Code     4  pwm.o(.text)
    PWMGenFaultConfigure                     0x00001cd1   Thumb Code    20  pwm.o(.text)
    PWMGenFaultTriggerSet                    0x00001ce5   Thumb Code    16  pwm.o(.text)
    PWMGenFaultTriggerGet                    0x00001cf5   Thumb Code    16  pwm.o(.text)
    PWMGenFaultStatus                        0x00001d05   Thumb Code    38  pwm.o(.text)
    PWMGenFaultClear                         0x00001d2b   Thumb Code    36  pwm.o(.text)
    PWMClockSet                              0x00001d4f   Thumb Code    18  pwm.o(.text)
    PWMClockGet                              0x00001d61   Thumb Code    60  pwm.o(.text)
    PWMOutputUpdateMode                      0x00001d9d   Thumb Code    82  pwm.o(.text)
    SysCtlSRAMSizeGet                        0x00001e75   Thumb Code    12  sysctl.o(.text)
    SysCtlFlashSizeGet                       0x00001e81   Thumb Code    42  sysctl.o(.text)
    SysCtlFlashSectorSizeGet                 0x00001eab   Thumb Code    40  sysctl.o(.text)
    SysCtlPeripheralPresent                  0x00001ed3   Thumb Code    52  sysctl.o(.text)
    SysCtlPeripheralReady                    0x00001f07   Thumb Code    52  sysctl.o(.text)
    SysCtlPeripheralPowerOn                  0x00001f3b   Thumb Code    46  sysctl.o(.text)
    SysCtlPeripheralPowerOff                 0x00001f69   Thumb Code    46  sysctl.o(.text)
    SysCtlPeripheralReset                    0x00001f97   Thumb Code   106  sysctl.o(.text)
    SysCtlPeripheralEnable                   0x00002001   Thumb Code    46  sysctl.o(.text)
    SysCtlPeripheralDisable                  0x0000202f   Thumb Code    46  sysctl.o(.text)
    SysCtlPeripheralSleepEnable              0x0000205d   Thumb Code    46  sysctl.o(.text)
    SysCtlPeripheralSleepDisable             0x0000208b   Thumb Code    46  sysctl.o(.text)
    SysCtlPeripheralDeepSleepEnable          0x000020b9   Thumb Code    46  sysctl.o(.text)
    SysCtlPeripheralDeepSleepDisable         0x000020e7   Thumb Code    46  sysctl.o(.text)
    SysCtlPeripheralClockGating              0x00002115   Thumb Code    82  sysctl.o(.text)
    SysCtlIntRegister                        0x00002167   Thumb Code    20  sysctl.o(.text)
    SysCtlIntUnregister                      0x0000217b   Thumb Code    16  sysctl.o(.text)
    SysCtlIntEnable                          0x0000218b   Thumb Code    12  sysctl.o(.text)
    SysCtlIntDisable                         0x00002197   Thumb Code    12  sysctl.o(.text)
    SysCtlIntClear                           0x000021a3   Thumb Code     6  sysctl.o(.text)
    SysCtlIntStatus                          0x000021a9   Thumb Code    16  sysctl.o(.text)
    SysCtlLDOSleepSet                        0x000021b9   Thumb Code     6  sysctl.o(.text)
    SysCtlLDOSleepGet                        0x000021bf   Thumb Code     6  sysctl.o(.text)
    SysCtlLDODeepSleepSet                    0x000021c5   Thumb Code     8  sysctl.o(.text)
    SysCtlLDODeepSleepGet                    0x000021cd   Thumb Code    60  sysctl.o(.text)
    SysCtlSleepPowerSet                      0x00002209   Thumb Code     6  sysctl.o(.text)
    SysCtlDeepSleepPowerSet                  0x0000220f   Thumb Code     8  sysctl.o(.text)
    SysCtlReset                              0x00002217   Thumb Code    10  sysctl.o(.text)
    SysCtlSleep                              0x00002221   Thumb Code     8  sysctl.o(.text)
    SysCtlDeepSleep                          0x00002229   Thumb Code    40  sysctl.o(.text)
    SysCtlResetCauseGet                      0x00002251   Thumb Code     6  sysctl.o(.text)
    SysCtlResetCauseClear                    0x00002257   Thumb Code    12  sysctl.o(.text)
    SysCtlMOSCConfigSet                      0x00002263   Thumb Code     6  sysctl.o(.text)
    SysCtlPIOSCCalibrate                     0x00002269   Thumb Code    82  sysctl.o(.text)
    SysCtlResetBehaviorSet                   0x000022bb   Thumb Code     8  sysctl.o(.text)
    SysCtlResetBehaviorGet                   0x000022c3   Thumb Code     8  sysctl.o(.text)
    SysCtlClockFreqSet                       0x000022cb   Thumb Code   646  sysctl.o(.text)
    SysCtlClockSet                           0x00002551   Thumb Code   340  sysctl.o(.text)
    SysCtlClockGet                           0x000026a5   Thumb Code   326  sysctl.o(.text)
    SysCtlDeepSleepClockSet                  0x000027eb   Thumb Code     8  sysctl.o(.text)
    SysCtlDeepSleepClockConfigSet            0x000027f3   Thumb Code   110  sysctl.o(.text)
    SysCtlPWMClockSet                        0x00002861   Thumb Code    16  sysctl.o(.text)
    SysCtlPWMClockGet                        0x00002871   Thumb Code    24  sysctl.o(.text)
    SysCtlGPIOAHBEnable                      0x00002889   Thumb Code    20  sysctl.o(.text)
    SysCtlGPIOAHBDisable                     0x0000289d   Thumb Code    20  sysctl.o(.text)
    SysCtlUSBPLLEnable                       0x000028b1   Thumb Code    14  sysctl.o(.text)
    SysCtlUSBPLLDisable                      0x000028bf   Thumb Code    14  sysctl.o(.text)
    SysCtlVoltageEventConfig                 0x000028cd   Thumb Code     6  sysctl.o(.text)
    SysCtlVoltageEventStatus                 0x000028d3   Thumb Code     6  sysctl.o(.text)
    SysCtlVoltageEventClear                  0x000028d9   Thumb Code    12  sysctl.o(.text)
    SysCtlNMIStatus                          0x000028e5   Thumb Code     6  sysctl.o(.text)
    SysCtlNMIClear                           0x000028eb   Thumb Code    12  sysctl.o(.text)
    SysCtlClockOutConfig                     0x000028f7   Thumb Code    14  sysctl.o(.text)
    SysCtlAltClkConfig                       0x00002905   Thumb Code     8  sysctl.o(.text)
    UARTParityModeSet                        0x0000297d   Thumb Code    12  uart.o(.text)
    UARTParityModeGet                        0x00002989   Thumb Code    10  uart.o(.text)
    UARTFIFOLevelSet                         0x00002993   Thumb Code     8  uart.o(.text)
    UARTFIFOLevelGet                         0x0000299b   Thumb Code    18  uart.o(.text)
    UARTEnable                               0x000029ad   Thumb Code    20  uart.o(.text)
    UARTDisable                              0x000029c1   Thumb Code    32  uart.o(.text)
    UARTConfigSetExpClk                      0x000029e1   Thumb Code    76  uart.o(.text)
    UARTConfigGetExpClk                      0x00002a2d   Thumb Code    44  uart.o(.text)
    UARTFIFOEnable                           0x00002a59   Thumb Code    10  uart.o(.text)
    UARTFIFODisable                          0x00002a63   Thumb Code    10  uart.o(.text)
    UARTEnableSIR                            0x00002a6d   Thumb Code    22  uart.o(.text)
    UARTDisableSIR                           0x00002a83   Thumb Code    10  uart.o(.text)
    UARTSmartCardEnable                      0x00002a8d   Thumb Code    22  uart.o(.text)
    UARTSmartCardDisable                     0x00002aa3   Thumb Code    10  uart.o(.text)
    UARTModemControlSet                      0x00002aad   Thumb Code    12  uart.o(.text)
    UARTModemControlClear                    0x00002ab9   Thumb Code    12  uart.o(.text)
    UARTModemControlGet                      0x00002ac5   Thumb Code    10  uart.o(.text)
    UARTModemStatusGet                       0x00002acf   Thumb Code    12  uart.o(.text)
    UARTFlowControlSet                       0x00002adb   Thumb Code    12  uart.o(.text)
    UARTFlowControlGet                       0x00002ae7   Thumb Code    10  uart.o(.text)
    UARTTxIntModeSet                         0x00002af1   Thumb Code    12  uart.o(.text)
    UARTTxIntModeGet                         0x00002afd   Thumb Code    10  uart.o(.text)
    UARTCharsAvail                           0x00002b07   Thumb Code    12  uart.o(.text)
    UARTSpaceAvail                           0x00002b13   Thumb Code    12  uart.o(.text)
    UARTCharGetNonBlocking                   0x00002b1f   Thumb Code    20  uart.o(.text)
    UARTCharGet                              0x00002b33   Thumb Code    18  uart.o(.text)
    UARTCharPutNonBlocking                   0x00002b45   Thumb Code    20  uart.o(.text)
    UARTCharPut                              0x00002b59   Thumb Code    16  uart.o(.text)
    UARTBreakCtl                             0x00002b69   Thumb Code    20  uart.o(.text)
    UARTBusy                                 0x00002b7d   Thumb Code    10  uart.o(.text)
    UARTIntRegister                          0x00002b87   Thumb Code    30  uart.o(.text)
    UARTIntUnregister                        0x00002ba5   Thumb Code    26  uart.o(.text)
    UARTIntEnable                            0x00002bbf   Thumb Code     8  uart.o(.text)
    UARTIntDisable                           0x00002bc7   Thumb Code     8  uart.o(.text)
    UARTIntStatus                            0x00002bcf   Thumb Code    12  uart.o(.text)
    UARTIntClear                             0x00002bdb   Thumb Code     4  uart.o(.text)
    UARTDMAEnable                            0x00002bdf   Thumb Code     8  uart.o(.text)
    UARTDMADisable                           0x00002be7   Thumb Code     8  uart.o(.text)
    UARTRxErrorGet                           0x00002bef   Thumb Code    10  uart.o(.text)
    UARTRxErrorClear                         0x00002bf9   Thumb Code     6  uart.o(.text)
    UARTClockSourceSet                       0x00002bff   Thumb Code     6  uart.o(.text)
    UARTClockSourceGet                       0x00002c05   Thumb Code     8  uart.o(.text)
    UART9BitEnable                           0x00002c0d   Thumb Code    14  uart.o(.text)
    UART9BitDisable                          0x00002c1b   Thumb Code    14  uart.o(.text)
    UART9BitAddrSet                          0x00002c29   Thumb Code    10  uart.o(.text)
    UART9BitAddrSend                         0x00002c33   Thumb Code    44  uart.o(.text)
    GPIODirModeSet                           0x00002cad   Thumb Code    50  gpio.o(.text)
    GPIODirModeGet                           0x00002cdf   Thumb Code    46  gpio.o(.text)
    GPIOIntTypeSet                           0x00002d0d   Thumb Code   102  gpio.o(.text)
    GPIOIntTypeGet                           0x00002d73   Thumb Code    84  gpio.o(.text)
    GPIOPadConfigSet                         0x00002dc7   Thumb Code   342  gpio.o(.text)
    GPIOPadConfigGet                         0x00002f1d   Thumb Code   206  gpio.o(.text)
    GPIOIntEnable                            0x00002feb   Thumb Code    12  gpio.o(.text)
    GPIOIntDisable                           0x00002ff7   Thumb Code    12  gpio.o(.text)
    GPIOIntStatus                            0x00003003   Thumb Code    16  gpio.o(.text)
    GPIOIntClear                             0x00003013   Thumb Code     6  gpio.o(.text)
    GPIOIntRegister                          0x00003019   Thumb Code    30  gpio.o(.text)
    GPIOIntUnregister                        0x00003037   Thumb Code    26  gpio.o(.text)
    GPIOPinRead                              0x00003051   Thumb Code    32  gpio.o(.text)
    GPIOPinWrite                             0x00003071   Thumb Code    10  gpio.o(.text)
    GPIOPinTypeADC                           0x0000307b   Thumb Code    30  gpio.o(.text)
    GPIOPinTypeCAN                           0x00003099   Thumb Code    30  gpio.o(.text)
    GPIOPinTypeComparator                    0x000030b7   Thumb Code    30  gpio.o(.text)
    GPIOPinTypeComparatorOutput              0x000030d5   Thumb Code    30  gpio.o(.text)
    GPIOPinTypeEPI                           0x000030f3   Thumb Code    30  gpio.o(.text)
    GPIOPinTypeEthernetLED                   0x00003111   Thumb Code    30  gpio.o(.text)
    GPIOPinTypeEthernetMII                   0x0000312f   Thumb Code    30  gpio.o(.text)
    GPIOPinTypeGPIOInput                     0x0000314d   Thumb Code    30  gpio.o(.text)
    GPIOPinTypeGPIOOutput                    0x0000316b   Thumb Code    30  gpio.o(.text)
    GPIOPinTypeGPIOOutputOD                  0x00003189   Thumb Code    30  gpio.o(.text)
    GPIOPinTypeI2C                           0x000031a7   Thumb Code    30  gpio.o(.text)
    GPIOPinTypeI2CSCL                        0x000031c5   Thumb Code    30  gpio.o(.text)
    GPIOPinTypeLCD                           0x000031e3   Thumb Code    30  gpio.o(.text)
    GPIOPinTypeLPC                           0x00003201   Thumb Code    30  gpio.o(.text)
    GPIOPinTypePECIRx                        0x0000321f   Thumb Code    30  gpio.o(.text)
    GPIOPinTypePECITx                        0x0000323d   Thumb Code    30  gpio.o(.text)
    GPIOPinTypePWM                           0x0000325b   Thumb Code    30  gpio.o(.text)
    GPIOPinTypeQEI                           0x00003279   Thumb Code    30  gpio.o(.text)
    GPIOPinTypeSSI                           0x00003297   Thumb Code    30  gpio.o(.text)
    GPIOPinTypeTimer                         0x000032b5   Thumb Code    30  gpio.o(.text)
    GPIOPinTypeUART                          0x000032d3   Thumb Code    30  gpio.o(.text)
    GPIOPinTypeUSBAnalog                     0x000032f1   Thumb Code    30  gpio.o(.text)
    GPIOPinTypeUSBDigital                    0x0000330f   Thumb Code    30  gpio.o(.text)
    GPIOPinTypeWakeHigh                      0x0000332d   Thumb Code    32  gpio.o(.text)
    GPIOPinTypeWakeLow                       0x0000334d   Thumb Code    32  gpio.o(.text)
    GPIOPinTypeKBRow                         0x0000336d   Thumb Code    30  gpio.o(.text)
    GPIOPinTypeKBColumn                      0x0000338b   Thumb Code    30  gpio.o(.text)
    GPIOPinTypeLEDSeq                        0x000033a9   Thumb Code    30  gpio.o(.text)
    GPIOPinTypeCIR                           0x000033c7   Thumb Code    30  gpio.o(.text)
    GPIOPinWakeStatus                        0x000033e5   Thumb Code     8  gpio.o(.text)
    GPIOPinConfigure                         0x000033ed   Thumb Code    70  gpio.o(.text)
    GPIODMATriggerEnable                     0x00003433   Thumb Code    12  gpio.o(.text)
    GPIODMATriggerDisable                    0x0000343f   Thumb Code    12  gpio.o(.text)
    GPIOADCTriggerEnable                     0x0000344b   Thumb Code    12  gpio.o(.text)
    GPIOADCTriggerDisable                    0x00003457   Thumb Code    12  gpio.o(.text)
    QEIEnable                                0x0000346d   Thumb Code    10  qei.o(.text)
    QEIDisable                               0x00003477   Thumb Code    10  qei.o(.text)
    QEIConfigure                             0x00003481   Thumb Code    14  qei.o(.text)
    QEIPositionGet                           0x0000348f   Thumb Code     6  qei.o(.text)
    QEIPositionSet                           0x00003495   Thumb Code     4  qei.o(.text)
    QEIDirectionGet                          0x00003499   Thumb Code    20  qei.o(.text)
    QEIErrorGet                              0x000034ad   Thumb Code    10  qei.o(.text)
    QEIVelocityEnable                        0x000034b7   Thumb Code    10  qei.o(.text)
    QEIVelocityDisable                       0x000034c1   Thumb Code    10  qei.o(.text)
    QEIVelocityConfigure                     0x000034cb   Thumb Code    16  qei.o(.text)
    QEIVelocityGet                           0x000034db   Thumb Code     6  qei.o(.text)
    QEIIntRegister                           0x0000351f   Thumb Code    30  qei.o(.text)
    QEIIntUnregister                         0x0000353d   Thumb Code    26  qei.o(.text)
    QEIIntEnable                             0x00003557   Thumb Code     8  qei.o(.text)
    QEIIntDisable                            0x0000355f   Thumb Code     8  qei.o(.text)
    QEIIntStatus                             0x00003567   Thumb Code    12  qei.o(.text)
    QEIIntClear                              0x00003573   Thumb Code     4  qei.o(.text)
    FPUEnable                                0x0000358d   Thumb Code    14  fpu.o(.text)
    FPUDisable                               0x0000359b   Thumb Code    14  fpu.o(.text)
    FPUStackingEnable                        0x000035a9   Thumb Code    18  fpu.o(.text)
    FPULazyStackingEnable                    0x000035bb   Thumb Code    14  fpu.o(.text)
    FPUStackingDisable                       0x000035c9   Thumb Code    14  fpu.o(.text)
    FPUHalfPrecisionModeSet                  0x000035d7   Thumb Code    20  fpu.o(.text)
    FPUNaNModeSet                            0x000035eb   Thumb Code    20  fpu.o(.text)
    FPUFlushToZeroModeSet                    0x000035ff   Thumb Code    20  fpu.o(.text)
    FPURoundingModeSet                       0x00003613   Thumb Code    20  fpu.o(.text)
    Reset_Handler                            0x00003631   Thumb Code     8  startup_tm4c123.o(.text)
    NMI_Handler                              0x00003639   Thumb Code     2  startup_tm4c123.o(.text)
    HardFault_Handler                        0x0000363b   Thumb Code     2  startup_tm4c123.o(.text)
    MemManage_Handler                        0x0000363d   Thumb Code     2  startup_tm4c123.o(.text)
    BusFault_Handler                         0x0000363f   Thumb Code     2  startup_tm4c123.o(.text)
    UsageFault_Handler                       0x00003641   Thumb Code     2  startup_tm4c123.o(.text)
    SVC_Handler                              0x00003643   Thumb Code     2  startup_tm4c123.o(.text)
    DebugMon_Handler                         0x00003645   Thumb Code     2  startup_tm4c123.o(.text)
    PendSV_Handler                           0x00003647   Thumb Code     2  startup_tm4c123.o(.text)
    SysTick_Handler                          0x00003649   Thumb Code     2  startup_tm4c123.o(.text)
    GPIOA_Handler                            0x0000364b   Thumb Code     2  startup_tm4c123.o(.text)
    GPIOB_Handler                            0x0000364d   Thumb Code     2  startup_tm4c123.o(.text)
    GPIOC_Handler                            0x0000364f   Thumb Code     2  startup_tm4c123.o(.text)
    GPIOD_Handler                            0x00003651   Thumb Code     2  startup_tm4c123.o(.text)
    GPIOE_Handler                            0x00003653   Thumb Code     2  startup_tm4c123.o(.text)
    UART0_Handler                            0x00003655   Thumb Code     2  startup_tm4c123.o(.text)
    SSI0_Handler                             0x00003659   Thumb Code     2  startup_tm4c123.o(.text)
    I2C0_Handler                             0x0000365b   Thumb Code     2  startup_tm4c123.o(.text)
    PMW0_FAULT_Handler                       0x0000365d   Thumb Code     2  startup_tm4c123.o(.text)
    PWM0_0_Handler                           0x0000365f   Thumb Code     2  startup_tm4c123.o(.text)
    PWM0_1_Handler                           0x00003661   Thumb Code     2  startup_tm4c123.o(.text)
    PWM0_2_Handler                           0x00003663   Thumb Code     2  startup_tm4c123.o(.text)
    QEI0_Handler                             0x00003665   Thumb Code     2  startup_tm4c123.o(.text)
    ADC0SS0_Handler                          0x00003667   Thumb Code     2  startup_tm4c123.o(.text)
    ADC0SS1_Handler                          0x00003669   Thumb Code     2  startup_tm4c123.o(.text)
    ADC0SS2_Handler                          0x0000366b   Thumb Code     2  startup_tm4c123.o(.text)
    ADC0SS3_Handler                          0x0000366d   Thumb Code     2  startup_tm4c123.o(.text)
    WDT0_Handler                             0x0000366f   Thumb Code     2  startup_tm4c123.o(.text)
    TIMER0A_Handler                          0x00003671   Thumb Code     2  startup_tm4c123.o(.text)
    TIMER0B_Handler                          0x00003673   Thumb Code     2  startup_tm4c123.o(.text)
    TIMER1A_Handler                          0x00003675   Thumb Code     2  startup_tm4c123.o(.text)
    TIMER1B_Handler                          0x00003677   Thumb Code     2  startup_tm4c123.o(.text)
    TIMER2A_Handler                          0x00003679   Thumb Code     2  startup_tm4c123.o(.text)
    TIMER2B_Handler                          0x0000367b   Thumb Code     2  startup_tm4c123.o(.text)
    COMP0_Handler                            0x0000367d   Thumb Code     2  startup_tm4c123.o(.text)
    COMP1_Handler                            0x0000367f   Thumb Code     2  startup_tm4c123.o(.text)
    COMP2_Handler                            0x00003681   Thumb Code     2  startup_tm4c123.o(.text)
    SYSCTL_Handler                           0x00003683   Thumb Code     2  startup_tm4c123.o(.text)
    FLASH_Handler                            0x00003685   Thumb Code     2  startup_tm4c123.o(.text)
    GPIOF_Handler                            0x00003687   Thumb Code     2  startup_tm4c123.o(.text)
    GPIOG_Handler                            0x00003689   Thumb Code     2  startup_tm4c123.o(.text)
    GPIOH_Handler                            0x0000368b   Thumb Code     2  startup_tm4c123.o(.text)
    UART2_Handler                            0x0000368d   Thumb Code     2  startup_tm4c123.o(.text)
    SSI1_Handler                             0x0000368f   Thumb Code     2  startup_tm4c123.o(.text)
    TIMER3A_Handler                          0x00003691   Thumb Code     2  startup_tm4c123.o(.text)
    TIMER3B_Handler                          0x00003693   Thumb Code     2  startup_tm4c123.o(.text)
    I2C1_Handler                             0x00003695   Thumb Code     2  startup_tm4c123.o(.text)
    QEI1_Handler                             0x00003697   Thumb Code     2  startup_tm4c123.o(.text)
    CAN0_Handler                             0x00003699   Thumb Code     2  startup_tm4c123.o(.text)
    CAN1_Handler                             0x0000369b   Thumb Code     2  startup_tm4c123.o(.text)
    CAN2_Handler                             0x0000369d   Thumb Code     2  startup_tm4c123.o(.text)
    HIB_Handler                              0x0000369f   Thumb Code     2  startup_tm4c123.o(.text)
    USB0_Handler                             0x000036a1   Thumb Code     2  startup_tm4c123.o(.text)
    PWM0_3_Handler                           0x000036a3   Thumb Code     2  startup_tm4c123.o(.text)
    UDMA_Handler                             0x000036a5   Thumb Code     2  startup_tm4c123.o(.text)
    UDMAERR_Handler                          0x000036a7   Thumb Code     2  startup_tm4c123.o(.text)
    ADC1SS0_Handler                          0x000036a9   Thumb Code     2  startup_tm4c123.o(.text)
    ADC1SS1_Handler                          0x000036ab   Thumb Code     2  startup_tm4c123.o(.text)
    ADC1SS2_Handler                          0x000036ad   Thumb Code     2  startup_tm4c123.o(.text)
    ADC1SS3_Handler                          0x000036af   Thumb Code     2  startup_tm4c123.o(.text)
    GPIOJ_Handler                            0x000036b1   Thumb Code     2  startup_tm4c123.o(.text)
    GPIOK_Handler                            0x000036b3   Thumb Code     2  startup_tm4c123.o(.text)
    GPIOL_Handler                            0x000036b5   Thumb Code     2  startup_tm4c123.o(.text)
    SSI2_Handler                             0x000036b7   Thumb Code     2  startup_tm4c123.o(.text)
    SSI3_Handler                             0x000036b9   Thumb Code     2  startup_tm4c123.o(.text)
    UART3_Handler                            0x000036bb   Thumb Code     2  startup_tm4c123.o(.text)
    UART4_Handler                            0x000036bd   Thumb Code     2  startup_tm4c123.o(.text)
    UART5_Handler                            0x000036bf   Thumb Code     2  startup_tm4c123.o(.text)
    UART6_Handler                            0x000036c1   Thumb Code     2  startup_tm4c123.o(.text)
    UART7_Handler                            0x000036c3   Thumb Code     2  startup_tm4c123.o(.text)
    I2C2_Handler                             0x000036c5   Thumb Code     2  startup_tm4c123.o(.text)
    I2C3_Handler                             0x000036c7   Thumb Code     2  startup_tm4c123.o(.text)
    TIMER4A_Handler                          0x000036c9   Thumb Code     2  startup_tm4c123.o(.text)
    TIMER4B_Handler                          0x000036cb   Thumb Code     2  startup_tm4c123.o(.text)
    TIMER5A_Handler                          0x000036cd   Thumb Code     2  startup_tm4c123.o(.text)
    TIMER5B_Handler                          0x000036cf   Thumb Code     2  startup_tm4c123.o(.text)
    WTIMER0A_Handler                         0x000036d1   Thumb Code     2  startup_tm4c123.o(.text)
    WTIMER0B_Handler                         0x000036d3   Thumb Code     2  startup_tm4c123.o(.text)
    WTIMER1A_Handler                         0x000036d5   Thumb Code     2  startup_tm4c123.o(.text)
    WTIMER1B_Handler                         0x000036d7   Thumb Code     2  startup_tm4c123.o(.text)
    WTIMER2A_Handler                         0x000036d9   Thumb Code     2  startup_tm4c123.o(.text)
    WTIMER2B_Handler                         0x000036db   Thumb Code     2  startup_tm4c123.o(.text)
    WTIMER3A_Handler                         0x000036dd   Thumb Code     2  startup_tm4c123.o(.text)
    WTIMER3B_Handler                         0x000036df   Thumb Code     2  startup_tm4c123.o(.text)
    WTIMER4A_Handler                         0x000036e1   Thumb Code     2  startup_tm4c123.o(.text)
    WTIMER4B_Handler                         0x000036e3   Thumb Code     2  startup_tm4c123.o(.text)
    WTIMER5A_Handler                         0x000036e5   Thumb Code     2  startup_tm4c123.o(.text)
    WTIMER5B_Handler                         0x000036e7   Thumb Code     2  startup_tm4c123.o(.text)
    FPU_Handler                              0x000036e9   Thumb Code     2  startup_tm4c123.o(.text)
    I2C4_Handler                             0x000036eb   Thumb Code     2  startup_tm4c123.o(.text)
    I2C5_Handler                             0x000036ed   Thumb Code     2  startup_tm4c123.o(.text)
    GPIOM_Handler                            0x000036ef   Thumb Code     2  startup_tm4c123.o(.text)
    GPION_Handler                            0x000036f1   Thumb Code     2  startup_tm4c123.o(.text)
    QEI2_Handler                             0x000036f3   Thumb Code     2  startup_tm4c123.o(.text)
    GPIOP0_Handler                           0x000036f5   Thumb Code     2  startup_tm4c123.o(.text)
    GPIOP1_Handler                           0x000036f7   Thumb Code     2  startup_tm4c123.o(.text)
    GPIOP2_Handler                           0x000036f9   Thumb Code     2  startup_tm4c123.o(.text)
    GPIOP3_Handler                           0x000036fb   Thumb Code     2  startup_tm4c123.o(.text)
    GPIOP4_Handler                           0x000036fd   Thumb Code     2  startup_tm4c123.o(.text)
    GPIOP5_Handler                           0x000036ff   Thumb Code     2  startup_tm4c123.o(.text)
    GPIOP6_Handler                           0x00003701   Thumb Code     2  startup_tm4c123.o(.text)
    GPIOP7_Handler                           0x00003703   Thumb Code     2  startup_tm4c123.o(.text)
    GPIOQ0_Handler                           0x00003705   Thumb Code     2  startup_tm4c123.o(.text)
    GPIOQ1_Handler                           0x00003707   Thumb Code     2  startup_tm4c123.o(.text)
    GPIOQ2_Handler                           0x00003709   Thumb Code     2  startup_tm4c123.o(.text)
    GPIOQ3_Handler                           0x0000370b   Thumb Code     2  startup_tm4c123.o(.text)
    GPIOQ4_Handler                           0x0000370d   Thumb Code     2  startup_tm4c123.o(.text)
    GPIOQ5_Handler                           0x0000370f   Thumb Code     2  startup_tm4c123.o(.text)
    GPIOQ6_Handler                           0x00003711   Thumb Code     2  startup_tm4c123.o(.text)
    GPIOQ7_Handler                           0x00003713   Thumb Code     2  startup_tm4c123.o(.text)
    GPIOR_Handler                            0x00003715   Thumb Code     2  startup_tm4c123.o(.text)
    GPIOS_Handler                            0x00003717   Thumb Code     2  startup_tm4c123.o(.text)
    PMW1_0_Handler                           0x00003719   Thumb Code     2  startup_tm4c123.o(.text)
    PWM1_1_Handler                           0x0000371b   Thumb Code     2  startup_tm4c123.o(.text)
    PWM1_2_Handler                           0x0000371d   Thumb Code     2  startup_tm4c123.o(.text)
    PWM1_3_Handler                           0x0000371f   Thumb Code     2  startup_tm4c123.o(.text)
    PWM1_FAULT_Handler                       0x00003721   Thumb Code     2  startup_tm4c123.o(.text)
    __user_initial_stackheap                 0x00003725   Thumb Code     0  startup_tm4c123.o(.text)
    SystemCoreClockUpdate                    0x000037fb   Thumb Code   184  system_tm4c123.o(.text)
    SystemInit                               0x000038b3   Thumb Code   112  system_tm4c123.o(.text)
    __use_two_region_memory                  0x00003995   Thumb Code     2  heapauxi.o(.text)
    __rt_heap_escrow$2region                 0x00003997   Thumb Code     2  heapauxi.o(.text)
    __rt_heap_expand$2region                 0x00003999   Thumb Code     2  heapauxi.o(.text)
    __user_setup_stackheap                   0x0000399b   Thumb Code    74  sys_stackheap_outer.o(.text)
    exit                                     0x000039e5   Thumb Code    18  exit.o(.text)
    __user_libspace                          0x000039f9   Thumb Code     8  libspace.o(.text)
    __user_perproc_libspace                  0x000039f9   Thumb Code     0  libspace.o(.text)
    __user_perthread_libspace                0x000039f9   Thumb Code     0  libspace.o(.text)
    _sys_exit                                0x00003a01   Thumb Code     8  sys_exit.o(.text)
    __I$use$semihosting                      0x00003a0d   Thumb Code     0  use_no_semi.o(.text)
    __use_no_semihosting_swi                 0x00003a0d   Thumb Code     2  use_no_semi.o(.text)
    __semihosting_library_function           0x00003a0f   Thumb Code     0  indicate_semi.o(.text)
    IntDisable                               0x00003a11   Thumb Code    92  interrupt.o(i.IntDisable)
    IntEnable                                0x00003a75   Thumb Code    92  interrupt.o(i.IntEnable)
    IntMasterEnable                          0x00003ad9   Thumb Code    14  interrupt.o(i.IntMasterEnable)
    IntRegister                              0x00003ae9   Thumb Code    44  interrupt.o(i.IntRegister)
    IntUnregister                            0x00003b1d   Thumb Code    10  interrupt.o(i.IntUnregister)
    __aeabi_dadd                             0x00003b35   Thumb Code     0  daddsub_clz.o(x$fpl$dadd)
    _dadd                                    0x00003b35   Thumb Code   332  daddsub_clz.o(x$fpl$dadd)
    __aeabi_ddiv                             0x00003c85   Thumb Code     0  ddiv.o(x$fpl$ddiv)
    _ddiv                                    0x00003c85   Thumb Code   552  ddiv.o(x$fpl$ddiv)
    __aeabi_d2iz                             0x00003f35   Thumb Code     0  dfix.o(x$fpl$dfix)
    _dfix                                    0x00003f35   Thumb Code    94  dfix.o(x$fpl$dfix)
    __aeabi_i2d                              0x00003f93   Thumb Code     0  dflt_clz.o(x$fpl$dflt)
    _dflt                                    0x00003f93   Thumb Code    46  dflt_clz.o(x$fpl$dflt)
    __aeabi_ui2d                             0x00003fc1   Thumb Code     0  dflt_clz.o(x$fpl$dfltu)
    _dfltu                                   0x00003fc1   Thumb Code    38  dflt_clz.o(x$fpl$dfltu)
    __aeabi_dmul                             0x00003fe9   Thumb Code     0  dmul.o(x$fpl$dmul)
    _dmul                                    0x00003fe9   Thumb Code   332  dmul.o(x$fpl$dmul)
    __fpl_dnaninf                            0x0000413d   Thumb Code   156  dnaninf.o(x$fpl$dnaninf)
    __fpl_dretinf                            0x000041d9   Thumb Code    12  dretinf.o(x$fpl$dretinf)
    __aeabi_dsub                             0x000041e5   Thumb Code     0  daddsub_clz.o(x$fpl$dsub)
    _dsub                                    0x000041e5   Thumb Code   464  daddsub_clz.o(x$fpl$dsub)
    __aeabi_f2d                              0x000043b9   Thumb Code     0  f2d.o(x$fpl$f2d)
    _f2d                                     0x000043b9   Thumb Code    86  f2d.o(x$fpl$f2d)
    __fpl_fnaninf                            0x0000440f   Thumb Code   140  fnaninf.o(x$fpl$fnaninf)
    _fp_init                                 0x0000449b   Thumb Code    10  fpinit.o(x$fpl$fpinit)
    __fplib_config_fpu_vfp                   0x000044a3   Thumb Code     0  fpinit.o(x$fpl$fpinit)
    __fplib_config_pureend_doubles           0x000044a3   Thumb Code     0  fpinit.o(x$fpl$fpinit)
    __I$use$fp                               0x000044a4   Number         0  usenofp.o(x$fpl$usenofp)
    Region$$Table$$Base                      0x00004a04   Number         0  anon$$obj.o(Region$$Table)
    Region$$Table$$Limit                     0x00004a24   Number         0  anon$$obj.o(Region$$Table)
    UART1                                    0x20000000   Data           4  main.o(.data)
    timeEngrave                              0x20000004   Data           4  main.o(.data)
    positiveXPixels                          0x20000008   Data           2  main.o(.data)
    positiveYPixels                          0x2000000a   Data           2  main.o(.data)
    encoderPositionX                         0x2000000c   Data           4  main.o(.data)
    encoderPositionY                         0x20000010   Data           4  main.o(.data)
    engraveReady                             0x20000014   Data           1  main.o(.data)
    identifier                               0x20000015   Data           2  main.o(.data)
    tempPosition                             0x20000018   Data           4  main.o(.data)
    moveX                                    0x2000001c   Data           2  main.o(.data)
    moveY                                    0x2000001e   Data           2  main.o(.data)
    dwellTime                                0x20000020   Data           2  main.o(.data)
    burnTime                                 0x20000024   Data           4  main.o(.data)
    minBurnVal                               0x20000028   Data           2  main.o(.data)
    maxBurnVal                               0x2000002a   Data           2  main.o(.data)
    difference                               0x2000002c   Data           2  main.o(.data)
    numberOfRows                             0x2000002e   Data           1  main.o(.data)
    firstRun                                 0x2000002f   Data           1  main.o(.data)
    commandIndex                             0x20000030   Data           4  main.o(.data)
    size                                     0x20000034   Data           4  main.o(.data)
    sizeColumns                              0x20000038   Data           2  main.o(.data)
    sizeRows                                 0x2000003a   Data           2  main.o(.data)
    i                                        0x2000003c   Data           4  main.o(.data)
    j                                        0x20000040   Data           4  main.o(.data)
    stop                                     0x20000044   Data           5  main.o(.data)
    go                                       0x20000049   Data           3  main.o(.data)
    rs                                       0x2000004c   Data           3  main.o(.data)
    mb                                       0x2000004f   Data           3  main.o(.data)
    done                                     0x20000052   Data           1  main.o(.data)
    start                                    0x20000053   Data           1  main.o(.data)
    readyToGo                                0x20000054   Data           1  main.o(.data)
    temp                                     0x20000055   Data           1  main.o(.data)
    wellShit                                 0x20000056   Data           1  main.o(.data)
    ui32Status                               0x20000058   Data           4  main.o(.data)
    s                                        0x2000005c   Data           4  main.o(.data)
    rowGood                                  0x20000060   Data           1  main.o(.data)
    openLoopCorrectionCount                  0x20000064   Data           4  main.o(.data)
    openLoopCountTrigger                     0x20000068   Data           1  main.o(.data)
    mytest                                   0x2000006c   Data           4  main.o(.data)
    positionX                                0x20000070   Data           4  main.o(.data)
    positionY                                0x20000074   Data           4  main.o(.data)
    xCommandsEnd                             0x20000078   Data           4  main.o(.data)
    xCommandsIndex                           0x2000007c   Data           4  main.o(.data)
    yCommandsEnd                             0x20000080   Data           4  main.o(.data)
    yCommandsIndex                           0x20000084   Data           4  main.o(.data)
    gCodeEnd                                 0x20000088   Data           4  main.o(.data)
    gCodeIndex                               0x2000008c   Data           4  main.o(.data)
    pauseValuesEnd                           0x20000090   Data           4  main.o(.data)
    pauseValuesIndex                         0x20000094   Data           4  main.o(.data)
    pixelsCount                              0x20000098   Data           4  main.o(.data)
    pixelCorrectY                            0x2000009c   Data           4  main.o(.data)
    pixelCorrectX                            0x200000a0   Data           4  main.o(.data)
    burnDurVal                               0x200000a4   Data           2  main.o(.data)
    zephyr                                   0x200000a6   Data           2  main.o(.data)
    firstBurnLine                            0x200000a8   Data           1  main.o(.data)
    yPulsesBurnedCount                       0x200000aa   Data           2  main.o(.data)
    correctionPulsesSent                     0x200000ac   Data           2  main.o(.data)
    identifier1                              0x200000ae   Data           2  main.o(.data)
    SystemCoreClock                          0x200000b0   Data           4  system_tm4c123.o(.data)
    command                                  0x2000066c   Data          10  main.o(.bss)
    xCommands                                0x20000676   Data        4820  main.o(.bss)
    yCommands                                0x2000194a   Data        4820  main.o(.bss)
    gCode                                    0x20002c1e   Data       16012  main.o(.bss)
    pauseValues                              0x20006aaa   Data          20  main.o(.bss)
    __libspace_start                         0x20006ac0   Data          96  libspace.o(.bss)
    __temporary_stack_top$libspace           0x20006b20   Data           0  libspace.o(.bss)



==============================================================================

Memory Map of the image

  Image Entry point : 0x00003631

  Load Region LR_1 (Base: 0x00000000, Size: 0x00005090, Max: 0xffffffff, ABSOLUTE, COMPRESSED[0x00004a58])

    Execution Region ER_RO (Exec base: 0x00000000, Load base: 0x00000000, Size: 0x00004a24, Max: 0xffffffff, ABSOLUTE)

    Exec Addr    Load Addr    Size         Type   Attr      Idx    E Section Name        Object

    0x00000000   0x00000000   0x0000026c   Data   RO          216    RESET               startup_tm4c123.o
    0x0000026c   0x0000026c   0x00000008   Code   RO          421  * !!!main             c_w.l(__main.o)
    0x00000274   0x00000274   0x00000034   Code   RO          613    !!!scatter          c_w.l(__scatter.o)
    0x000002a8   0x000002a8   0x0000003a   Code   RO          611    !!dczerorl          c_w.l(__dczerorl.o)
    0x000002e2   0x000002e2   0x00000002   PAD
    0x000002e4   0x000002e4   0x0000001c   Code   RO          615    !!handler_zi        c_w.l(__scatter_zi.o)
    0x00000300   0x00000300   0x00000002   Code   RO          479    .ARM.Collect$$libinit$$00000000  c_w.l(libinit.o)
    0x00000302   0x00000302   0x00000004   Code   RO          485    .ARM.Collect$$libinit$$00000001  c_w.l(libinit2.o)
    0x00000306   0x00000306   0x00000000   Code   RO          488    .ARM.Collect$$libinit$$00000004  c_w.l(libinit2.o)
    0x00000306   0x00000306   0x00000000   Code   RO          491    .ARM.Collect$$libinit$$0000000A  c_w.l(libinit2.o)
    0x00000306   0x00000306   0x00000000   Code   RO          493    .ARM.Collect$$libinit$$0000000C  c_w.l(libinit2.o)
    0x00000306   0x00000306   0x00000000   Code   RO          495    .ARM.Collect$$libinit$$0000000E  c_w.l(libinit2.o)
    0x00000306   0x00000306   0x00000000   Code   RO          498    .ARM.Collect$$libinit$$00000011  c_w.l(libinit2.o)
    0x00000306   0x00000306   0x00000000   Code   RO          500    .ARM.Collect$$libinit$$00000013  c_w.l(libinit2.o)
    0x00000306   0x00000306   0x00000000   Code   RO          502    .ARM.Collect$$libinit$$00000015  c_w.l(libinit2.o)
    0x00000306   0x00000306   0x00000000   Code   RO          504    .ARM.Collect$$libinit$$00000017  c_w.l(libinit2.o)
    0x00000306   0x00000306   0x00000000   Code   RO          506    .ARM.Collect$$libinit$$00000019  c_w.l(libinit2.o)
    0x00000306   0x00000306   0x00000000   Code   RO          508    .ARM.Collect$$libinit$$0000001B  c_w.l(libinit2.o)
    0x00000306   0x00000306   0x00000000   Code   RO          510    .ARM.Collect$$libinit$$0000001D  c_w.l(libinit2.o)
    0x00000306   0x00000306   0x00000000   Code   RO          512    .ARM.Collect$$libinit$$0000001F  c_w.l(libinit2.o)
    0x00000306   0x00000306   0x00000000   Code   RO          514    .ARM.Collect$$libinit$$00000021  c_w.l(libinit2.o)
    0x00000306   0x00000306   0x00000000   Code   RO          516    .ARM.Collect$$libinit$$00000023  c_w.l(libinit2.o)
    0x00000306   0x00000306   0x00000000   Code   RO          518    .ARM.Collect$$libinit$$00000025  c_w.l(libinit2.o)
    0x00000306   0x00000306   0x00000000   Code   RO          522    .ARM.Collect$$libinit$$0000002C  c_w.l(libinit2.o)
    0x00000306   0x00000306   0x00000000   Code   RO          524    .ARM.Collect$$libinit$$0000002E  c_w.l(libinit2.o)
    0x00000306   0x00000306   0x00000000   Code   RO          526    .ARM.Collect$$libinit$$00000030  c_w.l(libinit2.o)
    0x00000306   0x00000306   0x00000000   Code   RO          528    .ARM.Collect$$libinit$$00000032  c_w.l(libinit2.o)
    0x00000306   0x00000306   0x00000002   Code   RO          529    .ARM.Collect$$libinit$$00000033  c_w.l(libinit2.o)
    0x00000308   0x00000308   0x00000002   Code   RO          549    .ARM.Collect$$libshutdown$$00000000  c_w.l(libshutdown.o)
    0x0000030a   0x0000030a   0x00000000   Code   RO          562    .ARM.Collect$$libshutdown$$00000002  c_w.l(libshutdown2.o)
    0x0000030a   0x0000030a   0x00000000   Code   RO          564    .ARM.Collect$$libshutdown$$00000004  c_w.l(libshutdown2.o)
    0x0000030a   0x0000030a   0x00000000   Code   RO          566    .ARM.Collect$$libshutdown$$00000006  c_w.l(libshutdown2.o)
    0x0000030a   0x0000030a   0x00000000   Code   RO          569    .ARM.Collect$$libshutdown$$00000009  c_w.l(libshutdown2.o)
    0x0000030a   0x0000030a   0x00000000   Code   RO          572    .ARM.Collect$$libshutdown$$0000000C  c_w.l(libshutdown2.o)
    0x0000030a   0x0000030a   0x00000000   Code   RO          574    .ARM.Collect$$libshutdown$$0000000E  c_w.l(libshutdown2.o)
    0x0000030a   0x0000030a   0x00000000   Code   RO          577    .ARM.Collect$$libshutdown$$00000011  c_w.l(libshutdown2.o)
    0x0000030a   0x0000030a   0x00000002   Code   RO          578    .ARM.Collect$$libshutdown$$00000012  c_w.l(libshutdown2.o)
    0x0000030c   0x0000030c   0x00000000   Code   RO          447    .ARM.Collect$$rtentry$$00000000  c_w.l(__rtentry.o)
    0x0000030c   0x0000030c   0x00000000   Code   RO          456    .ARM.Collect$$rtentry$$00000002  c_w.l(__rtentry2.o)
    0x0000030c   0x0000030c   0x00000006   Code   RO          468    .ARM.Collect$$rtentry$$00000004  c_w.l(__rtentry4.o)
    0x00000312   0x00000312   0x00000000   Code   RO          458    .ARM.Collect$$rtentry$$00000009  c_w.l(__rtentry2.o)
    0x00000312   0x00000312   0x00000004   Code   RO          459    .ARM.Collect$$rtentry$$0000000A  c_w.l(__rtentry2.o)
    0x00000316   0x00000316   0x00000000   Code   RO          461    .ARM.Collect$$rtentry$$0000000C  c_w.l(__rtentry2.o)
    0x00000316   0x00000316   0x00000008   Code   RO          462    .ARM.Collect$$rtentry$$0000000D  c_w.l(__rtentry2.o)
    0x0000031e   0x0000031e   0x00000002   Code   RO          483    .ARM.Collect$$rtexit$$00000000  c_w.l(rtexit.o)
    0x00000320   0x00000320   0x00000000   Code   RO          531    .ARM.Collect$$rtexit$$00000002  c_w.l(rtexit2.o)
    0x00000320   0x00000320   0x00000004   Code   RO          532    .ARM.Collect$$rtexit$$00000003  c_w.l(rtexit2.o)
    0x00000324   0x00000324   0x00000006   Code   RO          533    .ARM.Collect$$rtexit$$00000004  c_w.l(rtexit2.o)
    0x0000032a   0x0000032a   0x00000002   PAD
    0x0000032c   0x0000032c   0x00000006   Code   RO          110    .emb_text           sysctl.o
    0x00000332   0x00000332   0x00000002   PAD
    0x00000334   0x00000334   0x00000026   Code   RO          273    .emb_text           driverlib.lib(cpu.o)
    0x0000035a   0x0000035a   0x00000002   PAD
    0x0000035c   0x0000035c   0x00001634   Code   RO            1    .text               main.o
    0x00001990   0x00001990   0x0000045e   Code   RO           74    .text               pwm.o
    0x00001dee   0x00001dee   0x00000002   PAD
    0x00001df0   0x00001df0   0x00000b54   Code   RO          111    .text               sysctl.o
    0x00002944   0x00002944   0x00000330   Code   RO          141    .text               uart.o
    0x00002c74   0x00002c74   0x000007f8   Code   RO          161    .text               gpio.o
    0x0000346c   0x0000346c   0x00000120   Code   RO          181    .text               qei.o
    0x0000358c   0x0000358c   0x000000a4   Code   RO          199    .text               fpu.o
    0x00003630   0x00003630   0x00000114   Code   RO          217  * .text               startup_tm4c123.o
    0x00003744   0x00003744   0x00000250   Code   RO          224    .text               system_tm4c123.o
    0x00003994   0x00003994   0x00000006   Code   RO          419    .text               c_w.l(heapauxi.o)
    0x0000399a   0x0000399a   0x0000004a   Code   RO          470    .text               c_w.l(sys_stackheap_outer.o)
    0x000039e4   0x000039e4   0x00000012   Code   RO          472    .text               c_w.l(exit.o)
    0x000039f6   0x000039f6   0x00000002   PAD
    0x000039f8   0x000039f8   0x00000008   Code   RO          480    .text               c_w.l(libspace.o)
    0x00003a00   0x00003a00   0x0000000c   Code   RO          541    .text               c_w.l(sys_exit.o)
    0x00003a0c   0x00003a0c   0x00000002   Code   RO          552    .text               c_w.l(use_no_semi.o)
    0x00003a0e   0x00003a0e   0x00000000   Code   RO          554    .text               c_w.l(indicate_semi.o)
    0x00003a0e   0x00003a0e   0x00000002   PAD
    0x00003a10   0x00003a10   0x00000064   Code   RO          289    i.IntDisable        driverlib.lib(interrupt.o)
    0x00003a74   0x00003a74   0x00000064   Code   RO          290    i.IntEnable         driverlib.lib(interrupt.o)
    0x00003ad8   0x00003ad8   0x0000000e   Code   RO          293    i.IntMasterEnable   driverlib.lib(interrupt.o)
    0x00003ae6   0x00003ae6   0x00000002   PAD
    0x00003ae8   0x00003ae8   0x00000034   Code   RO          302    i.IntRegister       driverlib.lib(interrupt.o)
    0x00003b1c   0x00003b1c   0x00000014   Code   RO          304    i.IntUnregister     driverlib.lib(interrupt.o)
    0x00003b30   0x00003b30   0x00000002   Code   RO          305    i._IntDefaultHandler  driverlib.lib(interrupt.o)
    0x00003b32   0x00003b32   0x00000002   PAD
    0x00003b34   0x00003b34   0x00000150   Code   RO          423    x$fpl$dadd          fz_wm.l(daddsub_clz.o)
    0x00003c84   0x00003c84   0x000002b0   Code   RO          430    x$fpl$ddiv          fz_wm.l(ddiv.o)
    0x00003f34   0x00003f34   0x0000005e   Code   RO          433    x$fpl$dfix          fz_wm.l(dfix.o)
    0x00003f92   0x00003f92   0x0000002e   Code   RO          438    x$fpl$dflt          fz_wm.l(dflt_clz.o)
    0x00003fc0   0x00003fc0   0x00000026   Code   RO          437    x$fpl$dfltu         fz_wm.l(dflt_clz.o)
    0x00003fe6   0x00003fe6   0x00000002   PAD
    0x00003fe8   0x00003fe8   0x00000154   Code   RO          443    x$fpl$dmul          fz_wm.l(dmul.o)
    0x0000413c   0x0000413c   0x0000009c   Code   RO          448    x$fpl$dnaninf       fz_wm.l(dnaninf.o)
    0x000041d8   0x000041d8   0x0000000c   Code   RO          450    x$fpl$dretinf       fz_wm.l(dretinf.o)
    0x000041e4   0x000041e4   0x000001d4   Code   RO          425    x$fpl$dsub          fz_wm.l(daddsub_clz.o)
    0x000043b8   0x000043b8   0x00000056   Code   RO          445    x$fpl$f2d           fz_wm.l(f2d.o)
    0x0000440e   0x0000440e   0x0000008c   Code   RO          452    x$fpl$fnaninf       fz_wm.l(fnaninf.o)
    0x0000449a   0x0000449a   0x0000000a   Code   RO          539    x$fpl$fpinit        fz_wm.l(fpinit.o)
    0x000044a4   0x000044a4   0x00000000   Code   RO          454    x$fpl$usenofp       fz_wm.l(usenofp.o)
    0x000044a4   0x000044a4   0x000001c4   Data   RO          112    .constdata          sysctl.o
    0x00004668   0x00004668   0x00000080   Data   RO          142    .constdata          uart.o
    0x000046e8   0x000046e8   0x00000210   Data   RO          162    .constdata          gpio.o
    0x000048f8   0x000048f8   0x0000010c   Data   RO          306    .constdata          driverlib.lib(interrupt.o)
    0x00004a04   0x00004a04   0x00000020   Data   RO          609    Region$$Table       anon$$obj.o


    Execution Region ER_RW (Exec base: 0x20000000, Load base: 0x00004a24, Size: 0x0000066c, Max: 0xffffffff, ABSOLUTE, COMPRESSED[0x00000034])

    Exec Addr    Load Addr    Size         Type   Attr      Idx    E Section Name        Object

    0x20000000   COMPRESSED   0x000000b0   Data   RW            3    .data               main.o
    0x200000b0   COMPRESSED   0x00000004   Data   RW          225    .data               system_tm4c123.o
    0x200000b4   COMPRESSED   0x0000034c   PAD
    0x20000400   COMPRESSED   0x0000026c   Data   RW          307    vtable              driverlib.lib(interrupt.o)


    Execution Region ER_ZI (Exec base: 0x2000066c, Load base: 0x00004a58, Size: 0x000066b4, Max: 0xffffffff, ABSOLUTE)

    Exec Addr    Load Addr    Size         Type   Attr      Idx    E Section Name        Object

    0x2000066c        -       0x00006452   Zero   RW            2    .bss                main.o
    0x20006abe   0x00004a58   0x00000002   PAD
    0x20006ac0        -       0x00000060   Zero   RW          481    .bss                c_w.l(libspace.o)
    0x20006b20        -       0x00000000   Zero   RW          215    HEAP                startup_tm4c123.o
    0x20006b20        -       0x00000200   Zero   RW          214    STACK               startup_tm4c123.o


==============================================================================

Image component sizes


      Code (inc. data)   RO Data    RW Data    ZI Data      Debug   Object Name

       164         10          0          0          0       1565   fpu.o
      2040         30        528          0          0      14241   gpio.o
      5684        640          0        176      25682      13209   main.o
      1118         32          0          0          0      10301   pwm.o
       288         22          0          0          0       4059   qei.o
       276         24        620          0        512       5456   startup_tm4c123.o
      2906        168        452          0          0      14197   sysctl.o
       592        138          0          4          0       1545   system_tm4c123.o
       816         22        128          0          0      10972   uart.o

    ----------------------------------------------------------------------
     13888       1086       1760       1024      26196      75545   Object Totals
         0          0         32          0          0          0   (incl. Generated)
         4          0          0        844          2          0   (incl. Padding)

    ----------------------------------------------------------------------

      Code (inc. data)   RO Data    RW Data    ZI Data      Debug   Library Member Name

        58          0          0          0          0          0   __dczerorl.o
         8          0          0          0          0         68   __main.o
         0          0          0          0          0          0   __rtentry.o
        12          0          0          0          0          0   __rtentry2.o
         6          0          0          0          0          0   __rtentry4.o
        52          8          0          0          0          0   __scatter.o
        28          0          0          0          0          0   __scatter_zi.o
        18          0          0          0          0         80   exit.o
         6          0          0          0          0        152   heapauxi.o
         0          0          0          0          0          0   indicate_semi.o
         2          0          0          0          0          0   libinit.o
         6          0          0          0          0          0   libinit2.o
         2          0          0          0          0          0   libshutdown.o
         2          0          0          0          0          0   libshutdown2.o
         8          4          0          0         96         68   libspace.o
         2          0          0          0          0          0   rtexit.o
        10          0          0          0          0          0   rtexit2.o
        12          4          0          0          0         68   sys_exit.o
        74          0          0          0          0         80   sys_stackheap_outer.o
         2          0          0          0          0         68   use_no_semi.o
        38          0          0          0          0       3320   cpu.o
       288         34        268        620          0       3961   interrupt.o
       804         16          0          0          0        368   daddsub_clz.o
       688        140          0          0          0        256   ddiv.o
        94          4          0          0          0        140   dfix.o
        84          0          0          0          0        232   dflt_clz.o
       340         12          0          0          0        152   dmul.o
       156          4          0          0          0        140   dnaninf.o
        12          0          0          0          0        116   dretinf.o
        86          4          0          0          0        132   f2d.o
       140          4          0          0          0        132   fnaninf.o
        10          0          0          0          0        116   fpinit.o
         0          0          0          0          0          0   usenofp.o

    ----------------------------------------------------------------------
      3064        234        268        620         96       9649   Library Totals
        16          0          0          0          0          0   (incl. Padding)

    ----------------------------------------------------------------------

      Code (inc. data)   RO Data    RW Data    ZI Data      Debug   Library Name

       308         16          0          0         96        584   c_w.l
       326         34        268        620          0       7281   driverlib.lib
      2414        184          0          0          0       1784   fz_wm.l

    ----------------------------------------------------------------------
      3064        234        268        620         96       9649   Library Totals

    ----------------------------------------------------------------------

==============================================================================


      Code (inc. data)   RO Data    RW Data    ZI Data      Debug   

     16952       1320       2028       1644      26292      81038   Grand Totals
     16952       1320       2028         52      26292      81038   ELF Image Totals (compressed)
     16952       1320       2028         52          0          0   ROM Totals

==============================================================================

    Total RO  Size (Code + RO Data)                18980 (  18.54kB)
    Total RW  Size (RW Data + ZI Data)             27936 (  27.28kB)
    Total ROM Size (Code + RO Data + RW Data)      19032 (  18.59kB)

==============================================================================

